--- before ---
1.11 1.29 0.99
9065 MiB used
1
1
stopped
--- after the stop, box settled ---
0.58 1.12 0.94
1960 MiB used
warm1
warm2
=== A
1	incr_dbg	21556	ok	r1-incr_dbg.log
2	incr_dbg	11968	ok	r2-incr_dbg.log
3	incr_dbg	8190	ok	r3-incr_dbg.log
# box memory   15991 MiB total, 2479 MiB used
# box loadavg  0.80 1.15 0.96
warm1
warm2
=== B
1	incr_dbg	7514	ok	r1-incr_dbg.log
2	incr_dbg	4966	ok	r2-incr_dbg.log
3	incr_dbg	4216	ok	r3-incr_dbg.log
# box memory   15991 MiB total, 4239 MiB used
# box loadavg  2.28 1.48 1.08
