config-rebuilt
=== A (reps 1-5 warm-up, 6-8 reported)
1	incr_dbg	8720	ok	r1-incr_dbg.log
2	incr_dbg	7865	ok	r2-incr_dbg.log
3	incr_dbg	9393	ok	r3-incr_dbg.log
4	incr_dbg	7642	ok	r4-incr_dbg.log
5	incr_dbg	8052	ok	r5-incr_dbg.log
6	incr_dbg	9811	ok	r6-incr_dbg.log
7	incr_dbg	8190	ok	r7-incr_dbg.log
8	incr_dbg	8115	ok	r8-incr_dbg.log
# box memory   15991 MiB total, 4711 MiB used
# box loadavg  2.85 1.74 1.19
config-rebuilt
=== B (reps 1-5 warm-up, 6-8 reported)
1	incr_dbg	6111	ok	r1-incr_dbg.log
2	incr_dbg	4594	ok	r2-incr_dbg.log
3	incr_dbg	3468	ok	r3-incr_dbg.log
4	incr_dbg	3703	ok	r4-incr_dbg.log
5	incr_dbg	3976	ok	r5-incr_dbg.log
6	incr_dbg	4452	ok	r6-incr_dbg.log
7	incr_dbg	6036	ok	r7-incr_dbg.log
8	incr_dbg	3845	ok	r8-incr_dbg.log
# box memory   15991 MiB total, 5768 MiB used
# box loadavg  3.00 2.04 1.35
