image	UNKNOWN STEP	﻿2026-09-14T19:59:07.9340489Z Current runner version: '2.337.0'
image	UNKNOWN STEP	2026-09-14T19:59:07.9365104Z ##[group]Runner Image Provisioner
image	UNKNOWN STEP	2026-09-14T19:59:07.9366076Z Hosted Compute Agent
image	UNKNOWN STEP	2026-09-14T19:59:07.9366749Z Version: 20260828.587
image	UNKNOWN STEP	2026-09-14T19:59:07.9367451Z Commit: abac92662cab4cc7352de4f9f9d2e2419aad9c29
image	UNKNOWN STEP	2026-09-14T19:59:07.9368191Z Build Date: 2026-08-28T16:44:25Z
image	UNKNOWN STEP	2026-09-14T19:59:07.9368858Z Worker ID: {61c2a8a2-b613-4172-9701-1890902dd0a6}
image	UNKNOWN STEP	2026-09-14T19:59:07.9369859Z Azure Region: westus
image	UNKNOWN STEP	2026-09-14T19:59:07.9370470Z ##[endgroup]
image	UNKNOWN STEP	2026-09-14T19:59:07.9372136Z ##[group]Operating System
image	UNKNOWN STEP	2026-09-14T19:59:07.9372802Z Ubuntu
image	UNKNOWN STEP	2026-09-14T19:59:07.9373327Z 24.04.5
image	UNKNOWN STEP	2026-09-14T19:59:07.9373952Z LTS
image	UNKNOWN STEP	2026-09-14T19:59:07.9374537Z ##[endgroup]
image	UNKNOWN STEP	2026-09-14T19:59:07.9375127Z ##[group]Runner Image
image	UNKNOWN STEP	2026-09-14T19:59:07.9375752Z Image: ubuntu-24.04
image	UNKNOWN STEP	2026-09-14T19:59:07.9376327Z Version: 20260907.300.1
image	UNKNOWN STEP	2026-09-14T19:59:07.9377645Z Included Software: https://github.com/actions/runner-images/blob/ubuntu24/20260907.300/images/ubuntu/Ubuntu2404-Readme.md
image	UNKNOWN STEP	2026-09-14T19:59:07.9379476Z Image Release: https://github.com/actions/runner-images/releases/tag/ubuntu24%2F20260907.300
image	UNKNOWN STEP	2026-09-14T19:59:07.9380496Z ##[endgroup]
image	UNKNOWN STEP	2026-09-14T19:59:07.9381670Z ##[group]GITHUB_TOKEN Permissions
image	UNKNOWN STEP	2026-09-14T19:59:07.9383680Z Contents: read
image	UNKNOWN STEP	2026-09-14T19:59:07.9384299Z Metadata: read
image	UNKNOWN STEP	2026-09-14T19:59:07.9385330Z Packages: read
image	UNKNOWN STEP	2026-09-14T19:59:07.9385903Z ##[endgroup]
image	UNKNOWN STEP	2026-09-14T19:59:07.9387920Z Secret source: Actions
image	UNKNOWN STEP	2026-09-14T19:59:07.9389039Z Cache mode: write
image	UNKNOWN STEP	2026-09-14T19:59:07.9390214Z Prepare workflow directory
image	UNKNOWN STEP	2026-09-14T19:59:07.9729545Z Prepare all required actions
image	UNKNOWN STEP	2026-09-14T19:59:07.9780703Z Getting action download info
image	UNKNOWN STEP	2026-09-14T19:59:08.3442469Z Download action repository 'actions/checkout@v7' (SHA:3d3c42e5aac5ba805825da76410c181273ba90b1)
image	UNKNOWN STEP	2026-09-14T19:59:08.5506406Z Complete job name: image
image	UNKNOWN STEP	2026-09-14T19:59:08.6381299Z ##[group]Run actions/checkout@v7
image	UNKNOWN STEP	2026-09-14T19:59:08.6382181Z with:
image	UNKNOWN STEP	2026-09-14T19:59:08.6382621Z   repository: youndie/katcher
image	UNKNOWN STEP	2026-09-14T19:59:08.6386643Z   token: ***
image	UNKNOWN STEP	2026-09-14T19:59:08.6387076Z   ssh-strict: true
image	UNKNOWN STEP	2026-09-14T19:59:08.6387511Z   ssh-user: git
image	UNKNOWN STEP	2026-09-14T19:59:08.6387955Z   persist-credentials: true
image	UNKNOWN STEP	2026-09-14T19:59:08.6388442Z   clean: true
image	UNKNOWN STEP	2026-09-14T19:59:08.6388884Z   sparse-checkout-cone-mode: true
image	UNKNOWN STEP	2026-09-14T19:59:08.6389610Z   fetch-depth: 1
image	UNKNOWN STEP	2026-09-14T19:59:08.6390071Z   fetch-tags: false
image	UNKNOWN STEP	2026-09-14T19:59:08.6390506Z   show-progress: true
image	UNKNOWN STEP	2026-09-14T19:59:08.6390946Z   lfs: false
image	UNKNOWN STEP	2026-09-14T19:59:08.6391351Z   submodules: false
image	UNKNOWN STEP	2026-09-14T19:59:08.6391800Z   set-safe-directory: true
image	UNKNOWN STEP	2026-09-14T19:59:08.6392300Z   allow-unsafe-pr-checkout: false
image	UNKNOWN STEP	2026-09-14T19:59:08.6393071Z ##[endgroup]
image	UNKNOWN STEP	2026-09-14T19:59:08.7409637Z Syncing repository: youndie/katcher
image	UNKNOWN STEP	2026-09-14T19:59:08.7412417Z ##[group]Getting Git version info
image	UNKNOWN STEP	2026-09-14T19:59:08.7413657Z Working directory is '/home/runner/work/katcher/katcher'
image	UNKNOWN STEP	2026-09-14T19:59:08.7415306Z [command]/usr/bin/git version
image	UNKNOWN STEP	2026-09-14T19:59:08.7482712Z git version 2.55.0
image	UNKNOWN STEP	2026-09-14T19:59:08.7505850Z ##[endgroup]
image	UNKNOWN STEP	2026-09-14T19:59:08.7525597Z Temporarily overriding HOME='/home/runner/work/_temp/844f4c17-0717-4f02-a328-4fa276502a90' before making global git config changes
image	UNKNOWN STEP	2026-09-14T19:59:08.7540462Z Adding repository directory to the temporary git global config as a safe directory
image	UNKNOWN STEP	2026-09-14T19:59:08.7542381Z [command]/usr/bin/git config --global --add safe.directory /home/runner/work/katcher/katcher
image	UNKNOWN STEP	2026-09-14T19:59:08.7586149Z Deleting the contents of '/home/runner/work/katcher/katcher'
image	UNKNOWN STEP	2026-09-14T19:59:08.7588963Z ##[group]Determining repository object format
image	UNKNOWN STEP	2026-09-14T19:59:08.7591196Z ##[endgroup]
image	UNKNOWN STEP	2026-09-14T19:59:08.7592541Z ##[group]Initializing the repository
image	UNKNOWN STEP	2026-09-14T19:59:08.7596659Z [command]/usr/bin/git init /home/runner/work/katcher/katcher
image	UNKNOWN STEP	2026-09-14T19:59:08.7712017Z hint: Using 'master' as the name for the initial branch. This default branch name
image	UNKNOWN STEP	2026-09-14T19:59:08.7714003Z hint: will change to "main" in Git 3.0. To configure the initial branch name
image	UNKNOWN STEP	2026-09-14T19:59:08.7716285Z hint: to use in all of your new repositories, which will suppress this warning,
image	UNKNOWN STEP	2026-09-14T19:59:08.7718089Z hint: call:
image	UNKNOWN STEP	2026-09-14T19:59:08.7718960Z hint:
image	UNKNOWN STEP	2026-09-14T19:59:08.7720400Z hint: 	git config --global init.defaultBranch <name>
image	UNKNOWN STEP	2026-09-14T19:59:08.7722320Z hint:
image	UNKNOWN STEP	2026-09-14T19:59:08.7723636Z hint: Names commonly chosen instead of 'master' are 'main', 'trunk' and
image	UNKNOWN STEP	2026-09-14T19:59:08.7725271Z hint: 'development'. The just-created branch can be renamed via this command:
image	UNKNOWN STEP	2026-09-14T19:59:08.7726577Z hint:
image	UNKNOWN STEP	2026-09-14T19:59:08.7727383Z hint: 	git branch -m <name>
image	UNKNOWN STEP	2026-09-14T19:59:08.7728523Z hint:
image	UNKNOWN STEP	2026-09-14T19:59:08.7729953Z hint: Disable this message with "git config set advice.defaultBranchName false"
image	UNKNOWN STEP	2026-09-14T19:59:08.7731810Z Initialized empty Git repository in /home/runner/work/katcher/katcher/.git/
image	UNKNOWN STEP	2026-09-14T19:59:08.7739721Z [command]/usr/bin/git remote add origin https://github.com/youndie/katcher
image	UNKNOWN STEP	2026-09-14T19:59:08.7783067Z ##[endgroup]
image	UNKNOWN STEP	2026-09-14T19:59:08.7784687Z ##[group]Disabling automatic garbage collection
image	UNKNOWN STEP	2026-09-14T19:59:08.7787195Z [command]/usr/bin/git config --local gc.auto 0
image	UNKNOWN STEP	2026-09-14T19:59:08.7822607Z ##[endgroup]
image	UNKNOWN STEP	2026-09-14T19:59:08.7824196Z ##[group]Setting up auth
image	UNKNOWN STEP	2026-09-14T19:59:08.7825410Z Removing SSH command configuration
image	UNKNOWN STEP	2026-09-14T19:59:08.7844278Z [command]/usr/bin/git config --local --name-only --get-regexp core\.sshCommand
image	UNKNOWN STEP	2026-09-14T19:59:08.7886138Z [command]/usr/bin/git submodule foreach --recursive sh -c "git config --local --name-only --get-regexp 'core\.sshCommand' && git config --local --unset-all 'core.sshCommand' || :"
image	UNKNOWN STEP	2026-09-14T19:59:08.8257465Z Removing HTTP extra header
image	UNKNOWN STEP	2026-09-14T19:59:08.8264603Z [command]/usr/bin/git config --local --name-only --get-regexp http\.https\:\/\/github\.com\/\.extraheader
image	UNKNOWN STEP	2026-09-14T19:59:08.8310156Z [command]/usr/bin/git submodule foreach --recursive sh -c "git config --local --name-only --get-regexp 'http\.https\:\/\/github\.com\/\.extraheader' && git config --local --unset-all 'http.https://github.com/.extraheader' || :"
image	UNKNOWN STEP	2026-09-14T19:59:08.8536320Z Removing includeIf entries pointing to credentials config files
image	UNKNOWN STEP	2026-09-14T19:59:08.8541913Z [command]/usr/bin/git config --local --name-only --get-regexp ^includeIf\.gitdir:
image	UNKNOWN STEP	2026-09-14T19:59:08.8578688Z [command]/usr/bin/git submodule foreach --recursive git config --local --show-origin --name-only --get-regexp remote.origin.url
image	UNKNOWN STEP	2026-09-14T19:59:08.8806194Z [command]/usr/bin/git config --file /home/runner/work/_temp/git-credentials-14d396b2-9701-4b3c-94b5-84d3b0845dad.config http.https://github.com/.extraheader AUTHORIZATION: basic ***
image	UNKNOWN STEP	2026-09-14T19:59:08.8845938Z [command]/usr/bin/git config --local includeIf.gitdir:/home/runner/work/katcher/katcher/.git.path /home/runner/work/_temp/git-credentials-14d396b2-9701-4b3c-94b5-84d3b0845dad.config
image	UNKNOWN STEP	2026-09-14T19:59:08.8880076Z [command]/usr/bin/git config --local includeIf.gitdir:/home/runner/work/katcher/katcher/.git/worktrees/*.path /home/runner/work/_temp/git-credentials-14d396b2-9701-4b3c-94b5-84d3b0845dad.config
image	UNKNOWN STEP	2026-09-14T19:59:08.8916697Z [command]/usr/bin/git config --local includeIf.gitdir:/github/workspace/.git.path /github/runner_temp/git-credentials-14d396b2-9701-4b3c-94b5-84d3b0845dad.config
image	UNKNOWN STEP	2026-09-14T19:59:08.8952743Z [command]/usr/bin/git config --local includeIf.gitdir:/github/workspace/.git/worktrees/*.path /github/runner_temp/git-credentials-14d396b2-9701-4b3c-94b5-84d3b0845dad.config
image	UNKNOWN STEP	2026-09-14T19:59:08.8985309Z ##[endgroup]
image	UNKNOWN STEP	2026-09-14T19:59:08.8986514Z ##[group]Fetching the repository
image	UNKNOWN STEP	2026-09-14T19:59:08.8991767Z [command]/usr/bin/git -c protocol.version=2 fetch --no-tags --prune --no-recurse-submodules --depth=1 origin +2e7234c415429efa677a4155d9f76e8c34d2fa7b:refs/remotes/origin/main
image	UNKNOWN STEP	2026-09-14T19:59:09.5789853Z From https://github.com/youndie/katcher
image	UNKNOWN STEP	2026-09-14T19:59:09.5791350Z  * [new ref]         2e7234c415429efa677a4155d9f76e8c34d2fa7b -> origin/main
image	UNKNOWN STEP	2026-09-14T19:59:09.5799936Z [command]/usr/bin/git branch --list --remote origin/main
image	UNKNOWN STEP	2026-09-14T19:59:09.5829057Z   origin/main
image	UNKNOWN STEP	2026-09-14T19:59:09.5840347Z [command]/usr/bin/git rev-parse refs/remotes/origin/main
image	UNKNOWN STEP	2026-09-14T19:59:09.5867824Z 2e7234c415429efa677a4155d9f76e8c34d2fa7b
image	UNKNOWN STEP	2026-09-14T19:59:09.5872603Z ##[endgroup]
image	UNKNOWN STEP	2026-09-14T19:59:09.5873740Z ##[group]Determining the checkout info
image	UNKNOWN STEP	2026-09-14T19:59:09.5874701Z ##[endgroup]
image	UNKNOWN STEP	2026-09-14T19:59:09.5877643Z [command]/usr/bin/git sparse-checkout disable
image	UNKNOWN STEP	2026-09-14T19:59:09.5942505Z [command]/usr/bin/git config --local --unset-all extensions.worktreeConfig
image	UNKNOWN STEP	2026-09-14T19:59:09.5976913Z ##[group]Checking out the ref
image	UNKNOWN STEP	2026-09-14T19:59:09.5981874Z [command]/usr/bin/git checkout --progress --force -B main refs/remotes/origin/main
image	UNKNOWN STEP	2026-09-14T19:59:09.7176319Z Switched to a new branch 'main'
image	UNKNOWN STEP	2026-09-14T19:59:09.7181538Z branch 'main' set up to track 'origin/main'.
image	UNKNOWN STEP	2026-09-14T19:59:09.7193667Z ##[endgroup]
image	UNKNOWN STEP	2026-09-14T19:59:09.7244721Z [command]/usr/bin/git log -1 --format=%H
image	UNKNOWN STEP	2026-09-14T19:59:09.7275613Z 2e7234c415429efa677a4155d9f76e8c34d2fa7b
image	UNKNOWN STEP	2026-09-14T19:59:09.7509851Z ##[group]Run docker build --file server/Dockerfile --tag katcher:ci .
image	UNKNOWN STEP	2026-09-14T19:59:09.7511227Z ^[[36;1mdocker build --file server/Dockerfile --tag katcher:ci .^[[0m
image	UNKNOWN STEP	2026-09-14T19:59:09.7553121Z shell: /usr/bin/bash -e {0}
image	UNKNOWN STEP	2026-09-14T19:59:09.7553828Z ##[endgroup]
image	UNKNOWN STEP	2026-09-14T19:59:12.9741947Z #0 building with "default" instance using docker driver
image	UNKNOWN STEP	2026-09-14T19:59:12.9748786Z 
image	UNKNOWN STEP	2026-09-14T19:59:12.9750004Z #1 [internal] load build definition from Dockerfile
image	UNKNOWN STEP	2026-09-14T19:59:12.9751530Z #1 transferring dockerfile: 4.93kB 0.0s done
image	UNKNOWN STEP	2026-09-14T19:59:12.9753276Z #1 WARN: FromPlatformFlagConstDisallowed: FROM --platform flag should not use constant value "linux/amd64" (line 2)
image	UNKNOWN STEP	2026-09-14T19:59:12.9755122Z #1 DONE 0.1s
image	UNKNOWN STEP	2026-09-14T19:59:12.9755769Z 
image	UNKNOWN STEP	2026-09-14T19:59:12.9756496Z #2 [internal] load metadata for docker.io/library/gradle:9.7.1-jdk25-noble
image	UNKNOWN STEP	2026-09-14T19:59:13.2067542Z #2 ...
image	UNKNOWN STEP	2026-09-14T19:59:13.2067923Z 
image	UNKNOWN STEP	2026-09-14T19:59:13.2068366Z #3 [auth] library/gradle:pull token for registry-1.docker.io
image	UNKNOWN STEP	2026-09-14T19:59:13.2069037Z #3 DONE 0.0s
image	UNKNOWN STEP	2026-09-14T19:59:13.3569453Z 
image	UNKNOWN STEP	2026-09-14T19:59:13.3570582Z #2 [internal] load metadata for docker.io/library/gradle:9.7.1-jdk25-noble
image	UNKNOWN STEP	2026-09-14T19:59:13.6822095Z #2 DONE 0.9s
image	UNKNOWN STEP	2026-09-14T19:59:13.8081171Z 
image	UNKNOWN STEP	2026-09-14T19:59:13.8128977Z #4 [internal] load .dockerignore
image	UNKNOWN STEP	2026-09-14T19:59:13.8130264Z #4 transferring context: 1.26kB done
image	UNKNOWN STEP	2026-09-14T19:59:13.8160157Z #4 DONE 0.0s
image	UNKNOWN STEP	2026-09-14T19:59:13.8189718Z 
image	UNKNOWN STEP	2026-09-14T19:59:13.8206044Z #5 [stage-1 1/7] WORKDIR /app
image	UNKNOWN STEP	2026-09-14T19:59:13.8217070Z #5 DONE 0.0s
image	UNKNOWN STEP	2026-09-14T19:59:13.8217760Z 
image	UNKNOWN STEP	2026-09-14T19:59:13.8260847Z #6 [build 1/5] FROM docker.io/library/gradle:9.7.1-jdk25-noble@sha256:411e7a44b6874a7108295337a1582f86efd928dcc0d7dfe7137a3624e70d677c
image	UNKNOWN STEP	2026-09-14T19:59:13.8271206Z #6 resolve docker.io/library/gradle:9.7.1-jdk25-noble@sha256:411e7a44b6874a7108295337a1582f86efd928dcc0d7dfe7137a3624e70d677c done
image	UNKNOWN STEP	2026-09-14T19:59:13.8282531Z #6 sha256:0fca3f6d130817921fb38bb267255672e4de8ac1055b8ec6b125e35a350f0270 10.86kB / 10.86kB done
image	UNKNOWN STEP	2026-09-14T19:59:13.8310589Z #6 sha256:e218a9dbcb884c4349520bac86979d339e975a68cbf31df6a3020270df429a0c 0B / 17.42MB 0.1s
image	UNKNOWN STEP	2026-09-14T19:59:13.8314407Z #6 sha256:9c52eaa0e70ec157753e0fc8dbf5863c5155ab1daf51d111837e29f459ca72a5 0B / 92.75MB 0.1s
image	UNKNOWN STEP	2026-09-14T19:59:13.8315154Z #6 sha256:411e7a44b6874a7108295337a1582f86efd928dcc0d7dfe7137a3624e70d677c 6.51kB / 6.51kB done
image	UNKNOWN STEP	2026-09-14T19:59:13.8315805Z #6 sha256:f533d3281bf12fe6c855b968cb34a643f6b7b8ac7057402c151e42a0734e1a6c 2.89kB / 2.89kB done
image	UNKNOWN STEP	2026-09-14T19:59:13.8316456Z #6 sha256:e51aee9c82ec5dd5ba2add49c45c6d85d460512757e2615b69bcdf9469c7cb58 1.05MB / 29.76MB 0.1s
image	UNKNOWN STEP	2026-09-14T19:59:13.9210823Z #6 sha256:e218a9dbcb884c4349520bac86979d339e975a68cbf31df6a3020270df429a0c 8.39MB / 17.42MB 0.2s
image	UNKNOWN STEP	2026-09-14T19:59:13.9212351Z #6 sha256:e51aee9c82ec5dd5ba2add49c45c6d85d460512757e2615b69bcdf9469c7cb58 28.31MB / 29.76MB 0.2s
image	UNKNOWN STEP	2026-09-14T19:59:14.0876845Z #6 ...
image	UNKNOWN STEP	2026-09-14T19:59:14.0881508Z 
image	UNKNOWN STEP	2026-09-14T19:59:14.0882237Z #7 [internal] load build context
image	UNKNOWN STEP	2026-09-14T19:59:14.0883452Z #7 transferring context: 25.36MB 0.2s done
image	UNKNOWN STEP	2026-09-14T19:59:14.0885741Z #7 DONE 0.3s
image	UNKNOWN STEP	2026-09-14T19:59:14.0886243Z 
image	UNKNOWN STEP	2026-09-14T19:59:14.0887108Z #6 [build 1/5] FROM docker.io/library/gradle:9.7.1-jdk25-noble@sha256:411e7a44b6874a7108295337a1582f86efd928dcc0d7dfe7137a3624e70d677c
image	UNKNOWN STEP	2026-09-14T19:59:14.0888672Z #6 sha256:e218a9dbcb884c4349520bac86979d339e975a68cbf31df6a3020270df429a0c 17.42MB / 17.42MB 0.2s done
image	UNKNOWN STEP	2026-09-14T19:59:14.0889885Z #6 sha256:9c52eaa0e70ec157753e0fc8dbf5863c5155ab1daf51d111837e29f459ca72a5 22.02MB / 92.75MB 0.3s
image	UNKNOWN STEP	2026-09-14T19:59:14.0890598Z #6 sha256:e51aee9c82ec5dd5ba2add49c45c6d85d460512757e2615b69bcdf9469c7cb58 29.76MB / 29.76MB 0.2s done
image	UNKNOWN STEP	2026-09-14T19:59:14.0893129Z #6 extracting sha256:e51aee9c82ec5dd5ba2add49c45c6d85d460512757e2615b69bcdf9469c7cb58 0.1s
image	UNKNOWN STEP	2026-09-14T19:59:14.0895279Z #6 sha256:4f4fb700ef54461cfa02571ae0db9a0dc1e0cdb5577484a6d75e68dc38e8acc1 32B / 32B 0.3s done
image	UNKNOWN STEP	2026-09-14T19:59:14.0897475Z #6 sha256:0911b38078c56c8cb4151646d7660cbad15cd1eb9d6df3e6279459fda092f87f 0B / 2.46kB 0.3s
image	UNKNOWN STEP	2026-09-14T19:59:14.2109898Z #6 sha256:9c52eaa0e70ec157753e0fc8dbf5863c5155ab1daf51d111837e29f459ca72a5 81.79MB / 92.75MB 0.5s
image	UNKNOWN STEP	2026-09-14T19:59:14.2111496Z #6 sha256:0911b38078c56c8cb4151646d7660cbad15cd1eb9d6df3e6279459fda092f87f 2.46kB / 2.46kB 0.3s done
image	UNKNOWN STEP	2026-09-14T19:59:14.2128060Z #6 sha256:a9b037b36d1feda2a06a2166a886fc92401960cd37521ccc3685cfa94f45585f 1.29kB / 1.29kB 0.4s done
image	UNKNOWN STEP	2026-09-14T19:59:14.2140053Z #6 sha256:3666dd4b5c0c716b3769ef1242147dd2501a8051d5d1b47f3ea8fc284b6297c8 31.46MB / 66.98MB 0.5s
image	UNKNOWN STEP	2026-09-14T19:59:14.2161062Z #6 sha256:c1ea870940407c5a04394fc77a3a478ecb78e1ea0608928deaddba68d570f8f8 3.15MB / 151.35MB 0.5s
image	UNKNOWN STEP	2026-09-14T19:59:14.3274042Z #6 sha256:9c52eaa0e70ec157753e0fc8dbf5863c5155ab1daf51d111837e29f459ca72a5 92.75MB / 92.75MB 0.6s done
image	UNKNOWN STEP	2026-09-14T19:59:14.3282280Z #6 sha256:3666dd4b5c0c716b3769ef1242147dd2501a8051d5d1b47f3ea8fc284b6297c8 58.72MB / 66.98MB 0.6s
image	UNKNOWN STEP	2026-09-14T19:59:14.3306995Z #6 sha256:c1ea870940407c5a04394fc77a3a478ecb78e1ea0608928deaddba68d570f8f8 40.89MB / 151.35MB 0.6s
image	UNKNOWN STEP	2026-09-14T19:59:14.3308412Z #6 sha256:d85ab33a2ddcefcda1bbd908fbedf69b2723921bc8876de5fdbc468eb90df38f 0B / 25.61kB 0.6s
image	UNKNOWN STEP	2026-09-14T19:59:14.4280599Z #6 sha256:3666dd4b5c0c716b3769ef1242147dd2501a8051d5d1b47f3ea8fc284b6297c8 66.98MB / 66.98MB 0.6s done
image	UNKNOWN STEP	2026-09-14T19:59:14.4281905Z #6 sha256:c1ea870940407c5a04394fc77a3a478ecb78e1ea0608928deaddba68d570f8f8 78.64MB / 151.35MB 0.7s
image	UNKNOWN STEP	2026-09-14T19:59:14.4283146Z #6 sha256:d85ab33a2ddcefcda1bbd908fbedf69b2723921bc8876de5fdbc468eb90df38f 25.61kB / 25.61kB 0.7s done
image	UNKNOWN STEP	2026-09-14T19:59:14.5382261Z #6 sha256:c1ea870940407c5a04394fc77a3a478ecb78e1ea0608928deaddba68d570f8f8 124.78MB / 151.35MB 0.8s
image	UNKNOWN STEP	2026-09-14T19:59:14.6403606Z #6 sha256:c1ea870940407c5a04394fc77a3a478ecb78e1ea0608928deaddba68d570f8f8 151.35MB / 151.35MB 0.9s
image	UNKNOWN STEP	2026-09-14T19:59:15.0020097Z #6 sha256:c1ea870940407c5a04394fc77a3a478ecb78e1ea0608928deaddba68d570f8f8 151.35MB / 151.35MB 1.2s done
image	UNKNOWN STEP	2026-09-14T19:59:15.2861972Z #6 extracting sha256:e51aee9c82ec5dd5ba2add49c45c6d85d460512757e2615b69bcdf9469c7cb58 1.2s done
image	UNKNOWN STEP	2026-09-14T19:59:15.2862739Z #6 extracting sha256:e218a9dbcb884c4349520bac86979d339e975a68cbf31df6a3020270df429a0c
image	UNKNOWN STEP	2026-09-14T19:59:16.0691429Z #6 extracting sha256:e218a9dbcb884c4349520bac86979d339e975a68cbf31df6a3020270df429a0c 0.6s done
image	UNKNOWN STEP	2026-09-14T19:59:18.6086307Z #6 extracting sha256:9c52eaa0e70ec157753e0fc8dbf5863c5155ab1daf51d111837e29f459ca72a5
image	UNKNOWN STEP	2026-09-14T19:59:19.8315221Z #6 extracting sha256:9c52eaa0e70ec157753e0fc8dbf5863c5155ab1daf51d111837e29f459ca72a5 1.1s done
image	UNKNOWN STEP	2026-09-14T19:59:20.1041805Z #6 extracting sha256:4f4fb700ef54461cfa02571ae0db9a0dc1e0cdb5577484a6d75e68dc38e8acc1
image	UNKNOWN STEP	2026-09-14T19:59:20.2686386Z #6 extracting sha256:4f4fb700ef54461cfa02571ae0db9a0dc1e0cdb5577484a6d75e68dc38e8acc1 done
image	UNKNOWN STEP	2026-09-14T19:59:20.2687736Z #6 extracting sha256:0911b38078c56c8cb4151646d7660cbad15cd1eb9d6df3e6279459fda092f87f done
image	UNKNOWN STEP	2026-09-14T19:59:20.2688923Z #6 extracting sha256:a9b037b36d1feda2a06a2166a886fc92401960cd37521ccc3685cfa94f45585f done
image	UNKNOWN STEP	2026-09-14T19:59:20.2691529Z #6 extracting sha256:3666dd4b5c0c716b3769ef1242147dd2501a8051d5d1b47f3ea8fc284b6297c8 0.1s
image	UNKNOWN STEP	2026-09-14T19:59:22.7034821Z #6 extracting sha256:3666dd4b5c0c716b3769ef1242147dd2501a8051d5d1b47f3ea8fc284b6297c8 2.4s done
image	UNKNOWN STEP	2026-09-14T19:59:22.8738077Z #6 extracting sha256:c1ea870940407c5a04394fc77a3a478ecb78e1ea0608928deaddba68d570f8f8
image	UNKNOWN STEP	2026-09-14T19:59:23.8472649Z #6 extracting sha256:c1ea870940407c5a04394fc77a3a478ecb78e1ea0608928deaddba68d570f8f8 0.8s done
image	UNKNOWN STEP	2026-09-14T19:59:23.8473571Z #6 extracting sha256:d85ab33a2ddcefcda1bbd908fbedf69b2723921bc8876de5fdbc468eb90df38f
image	UNKNOWN STEP	2026-09-14T19:59:24.0405210Z #6 extracting sha256:d85ab33a2ddcefcda1bbd908fbedf69b2723921bc8876de5fdbc468eb90df38f done
image	UNKNOWN STEP	2026-09-14T19:59:24.0406025Z #6 DONE 10.2s
image	UNKNOWN STEP	2026-09-14T19:59:24.0406181Z 
image	UNKNOWN STEP	2026-09-14T19:59:24.0406882Z #8 [build 2/5] RUN apt-get update     && apt-get install -y --no-install-recommends g++     && rm -rf /var/lib/apt/lists/*
image	UNKNOWN STEP	2026-09-14T19:59:24.4529818Z #8 0.563 Get:1 http://security.ubuntu.com/ubuntu noble-security InRelease [126 kB]
image	UNKNOWN STEP	2026-09-14T19:59:24.6122184Z #8 0.572 Get:2 http://archive.ubuntu.com/ubuntu noble InRelease [256 kB]
image	UNKNOWN STEP	2026-09-14T19:59:24.8844633Z #8 0.994 Get:3 http://archive.ubuntu.com/ubuntu noble-updates InRelease [126 kB]
image	UNKNOWN STEP	2026-09-14T19:59:24.9885679Z #8 1.098 Get:4 http://archive.ubuntu.com/ubuntu noble-backports InRelease [126 kB]
image	UNKNOWN STEP	2026-09-14T19:59:25.0933629Z #8 1.203 Get:5 http://archive.ubuntu.com/ubuntu noble/restricted amd64 Packages [117 kB]
image	UNKNOWN STEP	2026-09-14T19:59:25.2167662Z #8 1.239 Get:6 http://archive.ubuntu.com/ubuntu noble/multiverse amd64 Packages [331 kB]
image	UNKNOWN STEP	2026-09-14T19:59:25.2169645Z #8 1.245 Get:7 http://security.ubuntu.com/ubuntu noble-security/restricted amd64 Packages [1,796 kB]
image	UNKNOWN STEP	2026-09-14T19:59:25.2171367Z #8 1.327 Get:8 http://archive.ubuntu.com/ubuntu noble/universe amd64 Packages [19.3 MB]
image	UNKNOWN STEP	2026-09-14T19:59:25.8510885Z #8 1.960 Get:9 http://archive.ubuntu.com/ubuntu noble/main amd64 Packages [1,808 kB]
image	UNKNOWN STEP	2026-09-14T19:59:26.0684035Z #8 1.969 Get:10 http://archive.ubuntu.com/ubuntu noble-updates/multiverse amd64 Packages [55.8 kB]
image	UNKNOWN STEP	2026-09-14T19:59:26.0686263Z #8 1.970 Get:11 http://archive.ubuntu.com/ubuntu noble-updates/universe amd64 Packages [2,152 kB]
image	UNKNOWN STEP	2026-09-14T19:59:26.0688567Z #8 2.005 Get:12 http://archive.ubuntu.com/ubuntu noble-updates/restricted amd64 Packages [1,913 kB]
image	UNKNOWN STEP	2026-09-14T19:59:26.0690320Z #8 2.017 Get:13 http://archive.ubuntu.com/ubuntu noble-updates/main amd64 Packages [1,565 kB]
image	UNKNOWN STEP	2026-09-14T19:59:26.0691662Z #8 2.027 Get:14 http://archive.ubuntu.com/ubuntu noble-backports/multiverse amd64 Packages [671 B]
image	UNKNOWN STEP	2026-09-14T19:59:26.0692797Z #8 2.028 Get:15 http://archive.ubuntu.com/ubuntu noble-backports/main amd64 Packages [48.9 kB]
image	UNKNOWN STEP	2026-09-14T19:59:26.0693806Z #8 2.028 Get:16 http://archive.ubuntu.com/ubuntu noble-backports/universe amd64 Packages [35.9 kB]
image	UNKNOWN STEP	2026-09-14T19:59:26.1420692Z #8 2.252 Get:17 http://security.ubuntu.com/ubuntu noble-security/multiverse amd64 Packages [50.0 kB]
image	UNKNOWN STEP	2026-09-14T19:59:26.2956202Z #8 2.255 Get:18 http://security.ubuntu.com/ubuntu noble-security/universe amd64 Packages [1,531 kB]
image	UNKNOWN STEP	2026-09-14T19:59:26.3405706Z #8 2.450 Get:19 http://security.ubuntu.com/ubuntu noble-security/main amd64 Packages [1,242 kB]
image	UNKNOWN STEP	2026-09-14T19:59:26.8942376Z #8 3.004 Fetched 32.6 MB in 3s (11.4 MB/s)
image	UNKNOWN STEP	2026-09-14T19:59:27.6260063Z #8 3.004 Reading package lists...
image	UNKNOWN STEP	2026-09-14T19:59:28.3653333Z #8 3.753 Reading package lists...
image	UNKNOWN STEP	2026-09-14T19:59:28.5388764Z #8 4.485 Building dependency tree...
image	UNKNOWN STEP	2026-09-14T19:59:28.5390070Z #8 4.649 Reading state information...
image	UNKNOWN STEP	2026-09-14T19:59:28.7151976Z #8 4.825 The following additional packages will be installed:
image	UNKNOWN STEP	2026-09-14T19:59:28.7153222Z #8 4.825   cpp cpp-13 cpp-13-x86-64-linux-gnu cpp-x86-64-linux-gnu g++-13
image	UNKNOWN STEP	2026-09-14T19:59:28.7154490Z #8 4.825   g++-13-x86-64-linux-gnu g++-x86-64-linux-gnu gcc gcc-13 gcc-13-base
image	UNKNOWN STEP	2026-09-14T19:59:28.9350654Z #8 4.825   gcc-13-x86-64-linux-gnu gcc-x86-64-linux-gnu libasan8 libatomic1 libc-bin
image	UNKNOWN STEP	2026-09-14T19:59:28.9351731Z #8 4.825   libc-dev-bin libc6 libc6-dev libcc1-0 libcrypt-dev libgcc-13-dev libgomp1
image	UNKNOWN STEP	2026-09-14T19:59:28.9352736Z #8 4.826   libhwasan0 libisl23 libitm1 liblsan0 libmpc3 libmpfr6 libquadmath0
image	UNKNOWN STEP	2026-09-14T19:59:28.9354168Z #8 4.826   libstdc++-13-dev libtsan2 libubsan1 linux-libc-dev locales rpcsvc-proto
image	UNKNOWN STEP	2026-09-14T19:59:28.9354916Z #8 4.827 Suggested packages:
image	UNKNOWN STEP	2026-09-14T19:59:28.9355573Z #8 4.827   cpp-doc gcc-13-locales cpp-13-doc g++-multilib g++-13-multilib gcc-13-doc
image	UNKNOWN STEP	2026-09-14T19:59:28.9356368Z #8 4.827   gcc-multilib manpages-dev autoconf automake libtool flex bison gdb gcc-doc
image	UNKNOWN STEP	2026-09-14T19:59:28.9357138Z #8 4.827   gcc-13-multilib gdb-x86-64-linux-gnu manpages glibc-doc libnss-nis
image	UNKNOWN STEP	2026-09-14T19:59:28.9357720Z #8 4.827   libnss-nisplus libstdc++-13-doc
image	UNKNOWN STEP	2026-09-14T19:59:28.9358117Z #8 4.827 Recommended packages:
image	UNKNOWN STEP	2026-09-14T19:59:28.9358495Z #8 4.827   manpages manpages-dev libc-devtools
image	UNKNOWN STEP	2026-09-14T19:59:28.9358961Z #8 4.892 The following NEW packages will be installed:
image	UNKNOWN STEP	2026-09-14T19:59:28.9359693Z #8 4.892   cpp cpp-13 cpp-13-x86-64-linux-gnu cpp-x86-64-linux-gnu g++ g++-13
image	UNKNOWN STEP	2026-09-14T19:59:28.9360530Z #8 4.892   g++-13-x86-64-linux-gnu g++-x86-64-linux-gnu gcc gcc-13 gcc-13-base
image	UNKNOWN STEP	2026-09-14T19:59:28.9361215Z #8 4.892   gcc-13-x86-64-linux-gnu gcc-x86-64-linux-gnu libasan8 libatomic1
image	UNKNOWN STEP	2026-09-14T19:59:28.9361908Z #8 4.892   libc-dev-bin libc6-dev libcc1-0 libcrypt-dev libgcc-13-dev libgomp1
image	UNKNOWN STEP	2026-09-14T19:59:28.9362619Z #8 4.893   libhwasan0 libisl23 libitm1 liblsan0 libmpc3 libmpfr6 libquadmath0
image	UNKNOWN STEP	2026-09-14T19:59:28.9363304Z #8 4.893   libstdc++-13-dev libtsan2 libubsan1 linux-libc-dev rpcsvc-proto
image	UNKNOWN STEP	2026-09-14T19:59:28.9363879Z #8 4.894 The following packages will be upgraded:
image	UNKNOWN STEP	2026-09-14T19:59:28.9364305Z #8 4.895   libc-bin libc6 locales
image	UNKNOWN STEP	2026-09-14T19:59:29.0792016Z #8 5.189 3 upgraded, 33 newly installed, 0 to remove and 6 not upgraded.
image	UNKNOWN STEP	2026-09-14T19:59:29.0792630Z #8 5.189 Need to get 73.1 MB of archives.
image	UNKNOWN STEP	2026-09-14T19:59:29.0793191Z #8 5.189 After this operation, 227 MB of additional disk space will be used.
image	UNKNOWN STEP	2026-09-14T19:59:29.0794148Z #8 5.189 Get:1 http://archive.ubuntu.com/ubuntu noble-updates/main amd64 libc6 amd64 2.39-0ubuntu8.9 [3,264 kB]
image	UNKNOWN STEP	2026-09-14T19:59:30.7765796Z #8 6.887 Get:2 http://archive.ubuntu.com/ubuntu noble-updates/main amd64 libc-bin amd64 2.39-0ubuntu8.9 [682 kB]
image	UNKNOWN STEP	2026-09-14T19:59:30.9624596Z #8 6.922 Get:3 http://archive.ubuntu.com/ubuntu noble-updates/main amd64 locales all 2.39-0ubuntu8.9 [4,232 kB]
image	UNKNOWN STEP	2026-09-14T19:59:31.1069683Z #8 7.217 Get:4 http://archive.ubuntu.com/ubuntu noble-updates/main amd64 gcc-13-base amd64 13.3.0-6ubuntu2~24.04.1 [51.6 kB]
image	UNKNOWN STEP	2026-09-14T19:59:31.2829699Z #8 7.217 Get:5 http://archive.ubuntu.com/ubuntu noble-updates/main amd64 libisl23 amd64 0.26-3build1.1 [680 kB]
image	UNKNOWN STEP	2026-09-14T19:59:31.2831121Z #8 7.231 Get:6 http://archive.ubuntu.com/ubuntu noble-updates/main amd64 libmpfr6 amd64 4.2.1-1build1.1 [353 kB]
image	UNKNOWN STEP	2026-09-14T19:59:31.2832225Z #8 7.241 Get:7 http://archive.ubuntu.com/ubuntu noble-updates/main amd64 libmpc3 amd64 1.3.1-1build1.1 [54.6 kB]
image	UNKNOWN STEP	2026-09-14T19:59:31.2833418Z #8 7.242 Get:8 http://archive.ubuntu.com/ubuntu noble-updates/main amd64 cpp-13-x86-64-linux-gnu amd64 13.3.0-6ubuntu2~24.04.1 [10.7 MB]
image	UNKNOWN STEP	2026-09-14T19:59:31.4842815Z #8 7.594 Get:9 http://archive.ubuntu.com/ubuntu noble-updates/main amd64 cpp-13 amd64 13.3.0-6ubuntu2~24.04.1 [1,042 B]
image	UNKNOWN STEP	2026-09-14T19:59:31.6235933Z #8 7.595 Get:10 http://archive.ubuntu.com/ubuntu noble/main amd64 cpp-x86-64-linux-gnu amd64 4:13.2.0-7ubuntu1 [5,326 B]
image	UNKNOWN STEP	2026-09-14T19:59:31.6237688Z #8 7.595 Get:11 http://archive.ubuntu.com/ubuntu noble/main amd64 cpp amd64 4:13.2.0-7ubuntu1 [22.4 kB]
image	UNKNOWN STEP	2026-09-14T19:59:31.6239114Z #8 7.596 Get:12 http://archive.ubuntu.com/ubuntu noble-updates/main amd64 libcc1-0 amd64 14.2.0-4ubuntu2~24.04.1 [48.0 kB]
image	UNKNOWN STEP	2026-09-14T19:59:31.6240723Z #8 7.597 Get:13 http://archive.ubuntu.com/ubuntu noble-updates/main amd64 libgomp1 amd64 14.2.0-4ubuntu2~24.04.1 [148 kB]
image	UNKNOWN STEP	2026-09-14T19:59:31.6242067Z #8 7.598 Get:14 http://archive.ubuntu.com/ubuntu noble-updates/main amd64 libitm1 amd64 14.2.0-4ubuntu2~24.04.1 [29.7 kB]
image	UNKNOWN STEP	2026-09-14T19:59:31.6243434Z #8 7.599 Get:15 http://archive.ubuntu.com/ubuntu noble-updates/main amd64 libatomic1 amd64 14.2.0-4ubuntu2~24.04.1 [10.5 kB]
image	UNKNOWN STEP	2026-09-14T19:59:31.6245063Z #8 7.599 Get:16 http://archive.ubuntu.com/ubuntu noble-updates/main amd64 libasan8 amd64 14.2.0-4ubuntu2~24.04.1 [3,027 kB]
image	UNKNOWN STEP	2026-09-14T19:59:31.6246358Z #8 7.630 Get:17 http://archive.ubuntu.com/ubuntu noble-updates/main amd64 liblsan0 amd64 14.2.0-4ubuntu2~24.04.1 [1,322 kB]
image	UNKNOWN STEP	2026-09-14T19:59:31.6247652Z #8 7.734 Get:18 http://archive.ubuntu.com/ubuntu noble-updates/main amd64 libtsan2 amd64 14.2.0-4ubuntu2~24.04.1 [2,772 kB]
image	UNKNOWN STEP	2026-09-14T19:59:31.7615524Z #8 7.754 Get:19 http://archive.ubuntu.com/ubuntu noble-updates/main amd64 libubsan1 amd64 14.2.0-4ubuntu2~24.04.1 [1,184 kB]
image	UNKNOWN STEP	2026-09-14T19:59:31.7617332Z #8 7.871 Get:20 http://archive.ubuntu.com/ubuntu noble-updates/main amd64 libhwasan0 amd64 14.2.0-4ubuntu2~24.04.1 [1,641 kB]
image	UNKNOWN STEP	2026-09-14T19:59:31.9443528Z #8 7.884 Get:21 http://archive.ubuntu.com/ubuntu noble-updates/main amd64 libquadmath0 amd64 14.2.0-4ubuntu2~24.04.1 [153 kB]
image	UNKNOWN STEP	2026-09-14T19:59:31.9445412Z #8 7.885 Get:22 http://archive.ubuntu.com/ubuntu noble-updates/main amd64 libgcc-13-dev amd64 13.3.0-6ubuntu2~24.04.1 [2,681 kB]
image	UNKNOWN STEP	2026-09-14T19:59:31.9446932Z #8 7.904 Get:23 http://archive.ubuntu.com/ubuntu noble-updates/main amd64 gcc-13-x86-64-linux-gnu amd64 13.3.0-6ubuntu2~24.04.1 [21.1 MB]
image	UNKNOWN STEP	2026-09-14T19:59:32.0128885Z #8 8.123 Get:24 http://archive.ubuntu.com/ubuntu noble-updates/main amd64 gcc-13 amd64 13.3.0-6ubuntu2~24.04.1 [494 kB]
image	UNKNOWN STEP	2026-09-14T19:59:32.1753346Z #8 8.126 Get:25 http://archive.ubuntu.com/ubuntu noble/main amd64 gcc-x86-64-linux-gnu amd64 4:13.2.0-7ubuntu1 [1,212 B]
image	UNKNOWN STEP	2026-09-14T19:59:32.1754899Z #8 8.126 Get:26 http://archive.ubuntu.com/ubuntu noble/main amd64 gcc amd64 4:13.2.0-7ubuntu1 [5,018 B]
image	UNKNOWN STEP	2026-09-14T19:59:32.1756519Z #8 8.147 Get:27 http://archive.ubuntu.com/ubuntu noble-updates/main amd64 libc-dev-bin amd64 2.39-0ubuntu8.9 [20.4 kB]
image	UNKNOWN STEP	2026-09-14T19:59:32.1757948Z #8 8.147 Get:28 http://archive.ubuntu.com/ubuntu noble-updates/main amd64 linux-libc-dev amd64 6.8.0-139.139 [1,527 kB]
image	UNKNOWN STEP	2026-09-14T19:59:32.1759534Z #8 8.156 Get:29 http://archive.ubuntu.com/ubuntu noble/main amd64 libcrypt-dev amd64 1:4.4.36-4build1 [112 kB]
image	UNKNOWN STEP	2026-09-14T19:59:32.1760611Z #8 8.157 Get:30 http://archive.ubuntu.com/ubuntu noble/main amd64 rpcsvc-proto amd64 1.4.2-0ubuntu7 [67.4 kB]
image	UNKNOWN STEP	2026-09-14T19:59:32.1761670Z #8 8.158 Get:31 http://archive.ubuntu.com/ubuntu noble-updates/main amd64 libc6-dev amd64 2.39-0ubuntu8.9 [2,126 kB]
image	UNKNOWN STEP	2026-09-14T19:59:32.1762737Z #8 8.169 Get:32 http://archive.ubuntu.com/ubuntu noble-updates/main amd64 libstdc++-13-dev amd64 13.3.0-6ubuntu2~24.04.1 [2,420 kB]
image	UNKNOWN STEP	2026-09-14T19:59:32.1763879Z #8 8.285 Get:33 http://archive.ubuntu.com/ubuntu noble-updates/main amd64 g++-13-x86-64-linux-gnu amd64 13.3.0-6ubuntu2~24.04.1 [12.2 MB]
image	UNKNOWN STEP	2026-09-14T19:59:32.3130786Z #8 8.349 Get:34 http://archive.ubuntu.com/ubuntu noble-updates/main amd64 g++-13 amd64 13.3.0-6ubuntu2~24.04.1 [16.0 kB]
image	UNKNOWN STEP	2026-09-14T19:59:32.3132425Z #8 8.349 Get:35 http://archive.ubuntu.com/ubuntu noble/main amd64 g++-x86-64-linux-gnu amd64 4:13.2.0-7ubuntu1 [964 B]
image	UNKNOWN STEP	2026-09-14T19:59:32.3133555Z #8 8.423 Get:36 http://archive.ubuntu.com/ubuntu noble/main amd64 g++ amd64 4:13.2.0-7ubuntu1 [1,100 B]
image	UNKNOWN STEP	2026-09-14T19:59:32.4301035Z #8 8.540 debconf: delaying package configuration, since apt-utils is not installed
image	UNKNOWN STEP	2026-09-14T19:59:32.5484247Z #8 8.566 Fetched 73.1 MB in 4s (20.8 MB/s)
image	UNKNOWN STEP	2026-09-14T19:59:32.5484996Z #8 8.583 (Reading database ... 
image	UNKNOWN STEP	2026-09-14T19:59:32.5485798Z (Reading database ... 5%
image	UNKNOWN STEP	2026-09-14T19:59:32.5486255Z (Reading database ... 10%
image	UNKNOWN STEP	2026-09-14T19:59:32.5486683Z (Reading database ... 15%
image	UNKNOWN STEP	2026-09-14T19:59:32.5487098Z (Reading database ... 20%
image	UNKNOWN STEP	2026-09-14T19:59:32.5487511Z (Reading database ... 25%
image	UNKNOWN STEP	2026-09-14T19:59:32.5487925Z (Reading database ... 30%
image	UNKNOWN STEP	2026-09-14T19:59:32.5488392Z (Reading database ... 35%
image	UNKNOWN STEP	2026-09-14T19:59:32.5488803Z (Reading database ... 40%
image	UNKNOWN STEP	2026-09-14T19:59:32.5489475Z (Reading database ... 45%
image	UNKNOWN STEP	2026-09-14T19:59:32.5489900Z (Reading database ... 50%
image	UNKNOWN STEP	2026-09-14T19:59:32.5490318Z (Reading database ... 55%
image	UNKNOWN STEP	2026-09-14T19:59:32.5490762Z (Reading database ... 60%
image	UNKNOWN STEP	2026-09-14T19:59:32.5491175Z (Reading database ... 65%
image	UNKNOWN STEP	2026-09-14T19:59:32.5491972Z (Reading database ... 70%
image	UNKNOWN STEP	2026-09-14T19:59:32.5492385Z (Reading database ... 75%
image	UNKNOWN STEP	2026-09-14T19:59:32.5492799Z (Reading database ... 80%
image	UNKNOWN STEP	2026-09-14T19:59:32.5493220Z (Reading database ... 85%
image	UNKNOWN STEP	2026-09-14T19:59:32.5493624Z (Reading database ... 90%
image	UNKNOWN STEP	2026-09-14T19:59:32.5494034Z (Reading database ... 95%
image	UNKNOWN STEP	2026-09-14T19:59:32.5494442Z (Reading database ... 100%
image	UNKNOWN STEP	2026-09-14T19:59:32.5495047Z (Reading database ... 12725 files and directories currently installed.)
image	UNKNOWN STEP	2026-09-14T19:59:32.5495893Z #8 8.593 Preparing to unpack .../libc6_2.39-0ubuntu8.9_amd64.deb ...
image	UNKNOWN STEP	2026-09-14T19:59:32.5496623Z #8 8.658 debconf: unable to initialize frontend: Dialog
image	UNKNOWN STEP	2026-09-14T19:59:32.5497341Z #8 8.658 debconf: (TERM is not set, so the dialog frontend is not usable.)
image	UNKNOWN STEP	2026-09-14T19:59:32.5498055Z #8 8.658 debconf: falling back to frontend: Readline
image	UNKNOWN STEP	2026-09-14T19:59:32.7477537Z #8 8.665 debconf: unable to initialize frontend: Readline
image	UNKNOWN STEP	2026-09-14T19:59:32.7478166Z #8 8.665 debconf: (This frontend requires a controlling tty.)
image	UNKNOWN STEP	2026-09-14T19:59:32.7478954Z #8 8.665 debconf: falling back to frontend: Teletype
image	UNKNOWN STEP	2026-09-14T19:59:32.7479943Z #8 8.707 Unpacking libc6:amd64 (2.39-0ubuntu8.9) over (2.39-0ubuntu8.8) ...
image	UNKNOWN STEP	2026-09-14T19:59:32.9178236Z #8 9.028 Setting up libc6:amd64 (2.39-0ubuntu8.9) ...
image	UNKNOWN STEP	2026-09-14T19:59:33.1381308Z #8 9.092 debconf: unable to initialize frontend: Dialog
image	UNKNOWN STEP	2026-09-14T19:59:33.1382100Z #8 9.092 debconf: (TERM is not set, so the dialog frontend is not usable.)
image	UNKNOWN STEP	2026-09-14T19:59:33.1382642Z #8 9.092 debconf: falling back to frontend: Readline
image	UNKNOWN STEP	2026-09-14T19:59:33.1383111Z #8 9.097 debconf: unable to initialize frontend: Readline
image	UNKNOWN STEP	2026-09-14T19:59:33.1383613Z #8 9.097 debconf: (This frontend requires a controlling tty.)
image	UNKNOWN STEP	2026-09-14T19:59:33.1384088Z #8 9.097 debconf: falling back to frontend: Teletype
image	UNKNOWN STEP	2026-09-14T19:59:34.1348667Z #8 10.14 (Reading database ... 
image	UNKNOWN STEP	2026-09-14T19:59:34.1349438Z (Reading database ... 5%
image	UNKNOWN STEP	2026-09-14T19:59:34.1349818Z (Reading database ... 10%
image	UNKNOWN STEP	2026-09-14T19:59:34.1350178Z (Reading database ... 15%
image	UNKNOWN STEP	2026-09-14T19:59:34.1350557Z (Reading database ... 20%
image	UNKNOWN STEP	2026-09-14T19:59:34.1350904Z (Reading database ... 25%
image	UNKNOWN STEP	2026-09-14T19:59:34.1351240Z (Reading database ... 30%
image	UNKNOWN STEP	2026-09-14T19:59:34.1351630Z (Reading database ... 35%
image	UNKNOWN STEP	2026-09-14T19:59:34.1352047Z (Reading database ... 40%
image	UNKNOWN STEP	2026-09-14T19:59:34.1352387Z (Reading database ... 45%
image	UNKNOWN STEP	2026-09-14T19:59:34.1352770Z (Reading database ... 50%
image	UNKNOWN STEP	2026-09-14T19:59:34.1353139Z (Reading database ... 55%
image	UNKNOWN STEP	2026-09-14T19:59:34.1353517Z (Reading database ... 60%
image	UNKNOWN STEP	2026-09-14T19:59:34.1353928Z (Reading database ... 65%
image	UNKNOWN STEP	2026-09-14T19:59:34.1354327Z (Reading database ... 70%
image	UNKNOWN STEP	2026-09-14T19:59:34.1354735Z (Reading database ... 75%
image	UNKNOWN STEP	2026-09-14T19:59:34.1355135Z (Reading database ... 80%
image	UNKNOWN STEP	2026-09-14T19:59:34.1355546Z (Reading database ... 85%
image	UNKNOWN STEP	2026-09-14T19:59:34.1355944Z (Reading database ... 90%
image	UNKNOWN STEP	2026-09-14T19:59:34.1356354Z (Reading database ... 95%
image	UNKNOWN STEP	2026-09-14T19:59:34.1356779Z (Reading database ... 100%
image	UNKNOWN STEP	2026-09-14T19:59:34.1357380Z (Reading database ... 12725 files and directories currently installed.)
image	UNKNOWN STEP	2026-09-14T19:59:34.1358225Z #8 10.15 Preparing to unpack .../libc-bin_2.39-0ubuntu8.9_amd64.deb ...
image	UNKNOWN STEP	2026-09-14T19:59:34.1359021Z #8 10.15 Unpacking libc-bin (2.39-0ubuntu8.9) over (2.39-0ubuntu8.8) ...
image	UNKNOWN STEP	2026-09-14T19:59:34.1360260Z #8 10.21 Setting up libc-bin (2.39-0ubuntu8.9) ...
image	UNKNOWN STEP	2026-09-14T19:59:34.2979555Z #8 10.24 (Reading database ... 
image	UNKNOWN STEP	2026-09-14T19:59:34.2980068Z (Reading database ... 5%
image	UNKNOWN STEP	2026-09-14T19:59:34.2983585Z (Reading database ... 10%
image	UNKNOWN STEP	2026-09-14T19:59:34.2983895Z (Reading database ... 15%
image	UNKNOWN STEP	2026-09-14T19:59:34.2984356Z (Reading database ... 20%
image	UNKNOWN STEP	2026-09-14T19:59:34.2984732Z (Reading database ... 25%
image	UNKNOWN STEP	2026-09-14T19:59:34.2985010Z (Reading database ... 30%
image	UNKNOWN STEP	2026-09-14T19:59:34.2985275Z (Reading database ... 35%
image	UNKNOWN STEP	2026-09-14T19:59:34.2985607Z (Reading database ... 40%
image	UNKNOWN STEP	2026-09-14T19:59:34.2985939Z (Reading database ... 45%
image	UNKNOWN STEP	2026-09-14T19:59:34.2986209Z (Reading database ... 50%
image	UNKNOWN STEP	2026-09-14T19:59:34.2986500Z (Reading database ... 55%
image	UNKNOWN STEP	2026-09-14T19:59:34.2986764Z (Reading database ... 60%
image	UNKNOWN STEP	2026-09-14T19:59:34.2987278Z (Reading database ... 65%
image	UNKNOWN STEP	2026-09-14T19:59:34.2987612Z (Reading database ... 70%
image	UNKNOWN STEP	2026-09-14T19:59:34.2988000Z (Reading database ... 75%
image	UNKNOWN STEP	2026-09-14T19:59:34.2988432Z (Reading database ... 80%
image	UNKNOWN STEP	2026-09-14T19:59:34.2988832Z (Reading database ... 85%
image	UNKNOWN STEP	2026-09-14T19:59:34.2989480Z (Reading database ... 90%
image	UNKNOWN STEP	2026-09-14T19:59:34.2989880Z (Reading database ... 95%
image	UNKNOWN STEP	2026-09-14T19:59:34.2990256Z (Reading database ... 100%
image	UNKNOWN STEP	2026-09-14T19:59:34.2990823Z (Reading database ... 12725 files and directories currently installed.)
image	UNKNOWN STEP	2026-09-14T19:59:34.2991632Z #8 10.25 Preparing to unpack .../00-locales_2.39-0ubuntu8.9_all.deb ...
image	UNKNOWN STEP	2026-09-14T19:59:34.2992310Z #8 10.26 Unpacking locales (2.39-0ubuntu8.9) over (2.39-0ubuntu8.8) ...
image	UNKNOWN STEP	2026-09-14T19:59:34.7302502Z #8 10.84 Selecting previously unselected package gcc-13-base:amd64.
image	UNKNOWN STEP	2026-09-14T19:59:34.9367560Z #8 10.84 Preparing to unpack .../01-gcc-13-base_13.3.0-6ubuntu2~24.04.1_amd64.deb ...
image	UNKNOWN STEP	2026-09-14T19:59:34.9368285Z #8 10.84 Unpacking gcc-13-base:amd64 (13.3.0-6ubuntu2~24.04.1) ...
image	UNKNOWN STEP	2026-09-14T19:59:34.9368766Z #8 10.86 Selecting previously unselected package libisl23:amd64.
image	UNKNOWN STEP	2026-09-14T19:59:34.9369604Z #8 10.86 Preparing to unpack .../02-libisl23_0.26-3build1.1_amd64.deb ...
image	UNKNOWN STEP	2026-09-14T19:59:34.9370081Z #8 10.86 Unpacking libisl23:amd64 (0.26-3build1.1) ...
image	UNKNOWN STEP	2026-09-14T19:59:34.9370513Z #8 10.88 Selecting previously unselected package libmpfr6:amd64.
image	UNKNOWN STEP	2026-09-14T19:59:34.9371003Z #8 10.89 Preparing to unpack .../03-libmpfr6_4.2.1-1build1.1_amd64.deb ...
image	UNKNOWN STEP	2026-09-14T19:59:34.9371486Z #8 10.89 Unpacking libmpfr6:amd64 (4.2.1-1build1.1) ...
image	UNKNOWN STEP	2026-09-14T19:59:34.9371913Z #8 10.90 Selecting previously unselected package libmpc3:amd64.
image	UNKNOWN STEP	2026-09-14T19:59:34.9372396Z #8 10.91 Preparing to unpack .../04-libmpc3_1.3.1-1build1.1_amd64.deb ...
image	UNKNOWN STEP	2026-09-14T19:59:34.9372841Z #8 10.91 Unpacking libmpc3:amd64 (1.3.1-1build1.1) ...
image	UNKNOWN STEP	2026-09-14T19:59:34.9373299Z #8 10.92 Selecting previously unselected package cpp-13-x86-64-linux-gnu.
image	UNKNOWN STEP	2026-09-14T19:59:34.9373906Z #8 10.92 Preparing to unpack .../05-cpp-13-x86-64-linux-gnu_13.3.0-6ubuntu2~24.04.1_amd64.deb ...
image	UNKNOWN STEP	2026-09-14T19:59:34.9374510Z #8 10.92 Unpacking cpp-13-x86-64-linux-gnu (13.3.0-6ubuntu2~24.04.1) ...
image	UNKNOWN STEP	2026-09-14T19:59:34.9374971Z #8 11.05 Selecting previously unselected package cpp-13.
image	UNKNOWN STEP	2026-09-14T19:59:35.0378600Z #8 11.05 Preparing to unpack .../06-cpp-13_13.3.0-6ubuntu2~24.04.1_amd64.deb ...
image	UNKNOWN STEP	2026-09-14T19:59:35.0380063Z #8 11.05 Unpacking cpp-13 (13.3.0-6ubuntu2~24.04.1) ...
image	UNKNOWN STEP	2026-09-14T19:59:35.0381141Z #8 11.06 Selecting previously unselected package cpp-x86-64-linux-gnu.
image	UNKNOWN STEP	2026-09-14T19:59:35.0382356Z #8 11.06 Preparing to unpack .../07-cpp-x86-64-linux-gnu_4%3a13.2.0-7ubuntu1_amd64.deb ...
image	UNKNOWN STEP	2026-09-14T19:59:35.0383498Z #8 11.06 Unpacking cpp-x86-64-linux-gnu (4:13.2.0-7ubuntu1) ...
image	UNKNOWN STEP	2026-09-14T19:59:35.0384366Z #8 11.08 Selecting previously unselected package cpp.
image	UNKNOWN STEP	2026-09-14T19:59:35.0385132Z #8 11.08 Preparing to unpack .../08-cpp_4%3a13.2.0-7ubuntu1_amd64.deb ...
image	UNKNOWN STEP	2026-09-14T19:59:35.0385652Z #8 11.09 Unpacking cpp (4:13.2.0-7ubuntu1) ...
image	UNKNOWN STEP	2026-09-14T19:59:35.0386112Z #8 11.11 Selecting previously unselected package libcc1-0:amd64.
image	UNKNOWN STEP	2026-09-14T19:59:35.0386655Z #8 11.11 Preparing to unpack .../09-libcc1-0_14.2.0-4ubuntu2~24.04.1_amd64.deb ...
image	UNKNOWN STEP	2026-09-14T19:59:35.0387196Z #8 11.11 Unpacking libcc1-0:amd64 (14.2.0-4ubuntu2~24.04.1) ...
image	UNKNOWN STEP	2026-09-14T19:59:35.0387679Z #8 11.13 Selecting previously unselected package libgomp1:amd64.
image	UNKNOWN STEP	2026-09-14T19:59:35.0388217Z #8 11.13 Preparing to unpack .../10-libgomp1_14.2.0-4ubuntu2~24.04.1_amd64.deb ...
image	UNKNOWN STEP	2026-09-14T19:59:35.0388744Z #8 11.13 Unpacking libgomp1:amd64 (14.2.0-4ubuntu2~24.04.1) ...
image	UNKNOWN STEP	2026-09-14T19:59:35.0389448Z #8 11.15 Selecting previously unselected package libitm1:amd64.
image	UNKNOWN STEP	2026-09-14T19:59:35.1603901Z #8 11.15 Preparing to unpack .../11-libitm1_14.2.0-4ubuntu2~24.04.1_amd64.deb ...
image	UNKNOWN STEP	2026-09-14T19:59:35.1604915Z #8 11.15 Unpacking libitm1:amd64 (14.2.0-4ubuntu2~24.04.1) ...
image	UNKNOWN STEP	2026-09-14T19:59:35.1605954Z #8 11.16 Selecting previously unselected package libatomic1:amd64.
image	UNKNOWN STEP	2026-09-14T19:59:35.1607123Z #8 11.17 Preparing to unpack .../12-libatomic1_14.2.0-4ubuntu2~24.04.1_amd64.deb ...
image	UNKNOWN STEP	2026-09-14T19:59:35.1607941Z #8 11.17 Unpacking libatomic1:amd64 (14.2.0-4ubuntu2~24.04.1) ...
image	UNKNOWN STEP	2026-09-14T19:59:35.1608687Z #8 11.18 Selecting previously unselected package libasan8:amd64.
image	UNKNOWN STEP	2026-09-14T19:59:35.1609700Z #8 11.18 Preparing to unpack .../13-libasan8_14.2.0-4ubuntu2~24.04.1_amd64.deb ...
image	UNKNOWN STEP	2026-09-14T19:59:35.1610464Z #8 11.18 Unpacking libasan8:amd64 (14.2.0-4ubuntu2~24.04.1) ...
image	UNKNOWN STEP	2026-09-14T19:59:35.1611142Z #8 11.24 Selecting previously unselected package liblsan0:amd64.
image	UNKNOWN STEP	2026-09-14T19:59:35.1611907Z #8 11.24 Preparing to unpack .../14-liblsan0_14.2.0-4ubuntu2~24.04.1_amd64.deb ...
image	UNKNOWN STEP	2026-09-14T19:59:35.1612503Z #8 11.24 Unpacking liblsan0:amd64 (14.2.0-4ubuntu2~24.04.1) ...
image	UNKNOWN STEP	2026-09-14T19:59:35.1612962Z #8 11.27 Selecting previously unselected package libtsan2:amd64.
image	UNKNOWN STEP	2026-09-14T19:59:35.2930340Z #8 11.27 Preparing to unpack .../15-libtsan2_14.2.0-4ubuntu2~24.04.1_amd64.deb ...
image	UNKNOWN STEP	2026-09-14T19:59:35.2931199Z #8 11.27 Unpacking libtsan2:amd64 (14.2.0-4ubuntu2~24.04.1) ...
image	UNKNOWN STEP	2026-09-14T19:59:35.2932177Z #8 11.34 Selecting previously unselected package libubsan1:amd64.
image	UNKNOWN STEP	2026-09-14T19:59:35.2933121Z #8 11.34 Preparing to unpack .../16-libubsan1_14.2.0-4ubuntu2~24.04.1_amd64.deb ...
image	UNKNOWN STEP	2026-09-14T19:59:35.2934003Z #8 11.34 Unpacking libubsan1:amd64 (14.2.0-4ubuntu2~24.04.1) ...
image	UNKNOWN STEP	2026-09-14T19:59:35.2934902Z #8 11.37 Selecting previously unselected package libhwasan0:amd64.
image	UNKNOWN STEP	2026-09-14T19:59:35.2935494Z #8 11.37 Preparing to unpack .../17-libhwasan0_14.2.0-4ubuntu2~24.04.1_amd64.deb ...
image	UNKNOWN STEP	2026-09-14T19:59:35.2936030Z #8 11.37 Unpacking libhwasan0:amd64 (14.2.0-4ubuntu2~24.04.1) ...
image	UNKNOWN STEP	2026-09-14T19:59:35.2936546Z #8 11.40 Selecting previously unselected package libquadmath0:amd64.
image	UNKNOWN STEP	2026-09-14T19:59:35.4012431Z #8 11.40 Preparing to unpack .../18-libquadmath0_14.2.0-4ubuntu2~24.04.1_amd64.deb ...
image	UNKNOWN STEP	2026-09-14T19:59:35.4013434Z #8 11.41 Unpacking libquadmath0:amd64 (14.2.0-4ubuntu2~24.04.1) ...
image	UNKNOWN STEP	2026-09-14T19:59:35.4014266Z #8 11.42 Selecting previously unselected package libgcc-13-dev:amd64.
image	UNKNOWN STEP	2026-09-14T19:59:35.4015213Z #8 11.42 Preparing to unpack .../19-libgcc-13-dev_13.3.0-6ubuntu2~24.04.1_amd64.deb ...
image	UNKNOWN STEP	2026-09-14T19:59:35.4016130Z #8 11.42 Unpacking libgcc-13-dev:amd64 (13.3.0-6ubuntu2~24.04.1) ...
image	UNKNOWN STEP	2026-09-14T19:59:35.4016921Z #8 11.51 Selecting previously unselected package gcc-13-x86-64-linux-gnu.
image	UNKNOWN STEP	2026-09-14T19:59:35.5546022Z #8 11.51 Preparing to unpack .../20-gcc-13-x86-64-linux-gnu_13.3.0-6ubuntu2~24.04.1_amd64.deb ...
image	UNKNOWN STEP	2026-09-14T19:59:35.5547312Z #8 11.51 Unpacking gcc-13-x86-64-linux-gnu (13.3.0-6ubuntu2~24.04.1) ...
image	UNKNOWN STEP	2026-09-14T19:59:35.6446755Z #8 11.75 Selecting previously unselected package gcc-13.
image	UNKNOWN STEP	2026-09-14T19:59:35.8692263Z #8 11.76 Preparing to unpack .../21-gcc-13_13.3.0-6ubuntu2~24.04.1_amd64.deb ...
image	UNKNOWN STEP	2026-09-14T19:59:35.8693063Z #8 11.76 Unpacking gcc-13 (13.3.0-6ubuntu2~24.04.1) ...
image	UNKNOWN STEP	2026-09-14T19:59:35.8693667Z #8 11.77 Selecting previously unselected package gcc-x86-64-linux-gnu.
image	UNKNOWN STEP	2026-09-14T19:59:35.8694213Z #8 11.78 Preparing to unpack .../22-gcc-x86-64-linux-gnu_4%3a13.2.0-7ubuntu1_amd64.deb ...
image	UNKNOWN STEP	2026-09-14T19:59:35.8694722Z #8 11.78 Unpacking gcc-x86-64-linux-gnu (4:13.2.0-7ubuntu1) ...
image	UNKNOWN STEP	2026-09-14T19:59:35.8695100Z #8 11.79 Selecting previously unselected package gcc.
image	UNKNOWN STEP	2026-09-14T19:59:35.8695501Z #8 11.79 Preparing to unpack .../23-gcc_4%3a13.2.0-7ubuntu1_amd64.deb ...
image	UNKNOWN STEP	2026-09-14T19:59:35.8695881Z #8 11.80 Unpacking gcc (4:13.2.0-7ubuntu1) ...
image	UNKNOWN STEP	2026-09-14T19:59:35.8696229Z #8 11.81 Selecting previously unselected package libc-dev-bin.
image	UNKNOWN STEP	2026-09-14T19:59:35.8696671Z #8 11.81 Preparing to unpack .../24-libc-dev-bin_2.39-0ubuntu8.9_amd64.deb ...
image	UNKNOWN STEP	2026-09-14T19:59:35.8697120Z #8 11.81 Unpacking libc-dev-bin (2.39-0ubuntu8.9) ...
image	UNKNOWN STEP	2026-09-14T19:59:35.8697529Z #8 11.83 Selecting previously unselected package linux-libc-dev:amd64.
image	UNKNOWN STEP	2026-09-14T19:59:35.8698015Z #8 11.83 Preparing to unpack .../25-linux-libc-dev_6.8.0-139.139_amd64.deb ...
image	UNKNOWN STEP	2026-09-14T19:59:35.8698452Z #8 11.83 Unpacking linux-libc-dev:amd64 (6.8.0-139.139) ...
image	UNKNOWN STEP	2026-09-14T19:59:35.9061539Z #8 12.02 Selecting previously unselected package libcrypt-dev:amd64.
image	UNKNOWN STEP	2026-09-14T19:59:36.0788540Z #8 12.02 Preparing to unpack .../26-libcrypt-dev_1%3a4.4.36-4build1_amd64.deb ...
image	UNKNOWN STEP	2026-09-14T19:59:36.0789708Z #8 12.02 Unpacking libcrypt-dev:amd64 (1:4.4.36-4build1) ...
image	UNKNOWN STEP	2026-09-14T19:59:36.0790633Z #8 12.04 Selecting previously unselected package rpcsvc-proto.
image	UNKNOWN STEP	2026-09-14T19:59:36.0791386Z #8 12.04 Preparing to unpack .../27-rpcsvc-proto_1.4.2-0ubuntu7_amd64.deb ...
image	UNKNOWN STEP	2026-09-14T19:59:36.0792029Z #8 12.04 Unpacking rpcsvc-proto (1.4.2-0ubuntu7) ...
image	UNKNOWN STEP	2026-09-14T19:59:36.0792601Z #8 12.06 Selecting previously unselected package libc6-dev:amd64.
image	UNKNOWN STEP	2026-09-14T19:59:36.0793264Z #8 12.06 Preparing to unpack .../28-libc6-dev_2.39-0ubuntu8.9_amd64.deb ...
image	UNKNOWN STEP	2026-09-14T19:59:36.0793877Z #8 12.06 Unpacking libc6-dev:amd64 (2.39-0ubuntu8.9) ...
image	UNKNOWN STEP	2026-09-14T19:59:36.0794864Z #8 12.19 Selecting previously unselected package libstdc++-13-dev:amd64.
image	UNKNOWN STEP	2026-09-14T19:59:36.2325472Z #8 12.19 Preparing to unpack .../29-libstdc++-13-dev_13.3.0-6ubuntu2~24.04.1_amd64.deb ...
image	UNKNOWN STEP	2026-09-14T19:59:36.2326730Z #8 12.19 Unpacking libstdc++-13-dev:amd64 (13.3.0-6ubuntu2~24.04.1) ...
image	UNKNOWN STEP	2026-09-14T19:59:36.2891341Z #8 12.40 Selecting previously unselected package g++-13-x86-64-linux-gnu.
image	UNKNOWN STEP	2026-09-14T19:59:36.4200640Z #8 12.40 Preparing to unpack .../30-g++-13-x86-64-linux-gnu_13.3.0-6ubuntu2~24.04.1_amd64.deb ...
image	UNKNOWN STEP	2026-09-14T19:59:36.4201854Z #8 12.40 Unpacking g++-13-x86-64-linux-gnu (13.3.0-6ubuntu2~24.04.1) ...
image	UNKNOWN STEP	2026-09-14T19:59:36.4202729Z #8 12.53 Selecting previously unselected package g++-13.
image	UNKNOWN STEP	2026-09-14T19:59:36.5440359Z #8 12.53 Preparing to unpack .../31-g++-13_13.3.0-6ubuntu2~24.04.1_amd64.deb ...
image	UNKNOWN STEP	2026-09-14T19:59:36.5441256Z #8 12.53 Unpacking g++-13 (13.3.0-6ubuntu2~24.04.1) ...
image	UNKNOWN STEP	2026-09-14T19:59:36.5442115Z #8 12.55 Selecting previously unselected package g++-x86-64-linux-gnu.
image	UNKNOWN STEP	2026-09-14T19:59:36.5443113Z #8 12.55 Preparing to unpack .../32-g++-x86-64-linux-gnu_4%3a13.2.0-7ubuntu1_amd64.deb ...
image	UNKNOWN STEP	2026-09-14T19:59:36.5443978Z #8 12.55 Unpacking g++-x86-64-linux-gnu (4:13.2.0-7ubuntu1) ...
image	UNKNOWN STEP	2026-09-14T19:59:36.5444690Z #8 12.56 Selecting previously unselected package g++.
image	UNKNOWN STEP	2026-09-14T19:59:36.5445429Z #8 12.56 Preparing to unpack .../33-g++_4%3a13.2.0-7ubuntu1_amd64.deb ...
image	UNKNOWN STEP	2026-09-14T19:59:36.5446122Z #8 12.56 Unpacking g++ (4:13.2.0-7ubuntu1) ...
image	UNKNOWN STEP	2026-09-14T19:59:36.5446731Z #8 12.59 Setting up linux-libc-dev:amd64 (6.8.0-139.139) ...
image	UNKNOWN STEP	2026-09-14T19:59:36.5447419Z #8 12.59 Setting up libgomp1:amd64 (14.2.0-4ubuntu2~24.04.1) ...
image	UNKNOWN STEP	2026-09-14T19:59:36.5448071Z #8 12.59 Setting up locales (2.39-0ubuntu8.9) ...
image	UNKNOWN STEP	2026-09-14T19:59:36.5448688Z #8 12.65 debconf: unable to initialize frontend: Dialog
image	UNKNOWN STEP	2026-09-14T19:59:36.5449767Z #8 12.65 debconf: (TERM is not set, so the dialog frontend is not usable.)
image	UNKNOWN STEP	2026-09-14T19:59:36.5450507Z #8 12.65 debconf: falling back to frontend: Readline
image	UNKNOWN STEP	2026-09-14T19:59:36.7005992Z #8 12.66 debconf: unable to initialize frontend: Readline
image	UNKNOWN STEP	2026-09-14T19:59:36.7006664Z #8 12.66 debconf: (This frontend requires a controlling tty.)
image	UNKNOWN STEP	2026-09-14T19:59:36.7007150Z #8 12.66 debconf: falling back to frontend: Teletype
image	UNKNOWN STEP	2026-09-14T19:59:36.9729754Z #8 13.08 Generating locales (this might take a while)...
image	UNKNOWN STEP	2026-09-14T19:59:38.1403418Z #8 13.09   en_US.UTF-8... done
image	UNKNOWN STEP	2026-09-14T19:59:38.2433827Z #8 14.25 Generation complete.
image	UNKNOWN STEP	2026-09-14T19:59:38.2434750Z #8 14.26 Setting up rpcsvc-proto (1.4.2-0ubuntu7) ...
image	UNKNOWN STEP	2026-09-14T19:59:38.2435547Z #8 14.26 Setting up gcc-13-base:amd64 (13.3.0-6ubuntu2~24.04.1) ...
image	UNKNOWN STEP	2026-09-14T19:59:38.2436232Z #8 14.27 Setting up libmpfr6:amd64 (4.2.1-1build1.1) ...
image	UNKNOWN STEP	2026-09-14T19:59:38.2436725Z #8 14.27 Setting up libquadmath0:amd64 (14.2.0-4ubuntu2~24.04.1) ...
image	UNKNOWN STEP	2026-09-14T19:59:38.2437213Z #8 14.27 Setting up libmpc3:amd64 (1.3.1-1build1.1) ...
image	UNKNOWN STEP	2026-09-14T19:59:38.2437685Z #8 14.27 Setting up libatomic1:amd64 (14.2.0-4ubuntu2~24.04.1) ...
image	UNKNOWN STEP	2026-09-14T19:59:38.2438217Z #8 14.28 Setting up libubsan1:amd64 (14.2.0-4ubuntu2~24.04.1) ...
image	UNKNOWN STEP	2026-09-14T19:59:38.2438736Z #8 14.28 Setting up libhwasan0:amd64 (14.2.0-4ubuntu2~24.04.1) ...
image	UNKNOWN STEP	2026-09-14T19:59:38.2439887Z #8 14.28 Setting up libcrypt-dev:amd64 (1:4.4.36-4build1) ...
image	UNKNOWN STEP	2026-09-14T19:59:38.2440493Z #8 14.29 Setting up libasan8:amd64 (14.2.0-4ubuntu2~24.04.1) ...
image	UNKNOWN STEP	2026-09-14T19:59:38.2441319Z #8 14.29 Setting up libtsan2:amd64 (14.2.0-4ubuntu2~24.04.1) ...
image	UNKNOWN STEP	2026-09-14T19:59:38.2441822Z #8 14.29 Setting up libisl23:amd64 (0.26-3build1.1) ...
image	UNKNOWN STEP	2026-09-14T19:59:38.2442266Z #8 14.30 Setting up libc-dev-bin (2.39-0ubuntu8.9) ...
image	UNKNOWN STEP	2026-09-14T19:59:38.2442728Z #8 14.30 Setting up libcc1-0:amd64 (14.2.0-4ubuntu2~24.04.1) ...
image	UNKNOWN STEP	2026-09-14T19:59:38.2443214Z #8 14.30 Setting up liblsan0:amd64 (14.2.0-4ubuntu2~24.04.1) ...
image	UNKNOWN STEP	2026-09-14T19:59:38.2443709Z #8 14.31 Setting up libitm1:amd64 (14.2.0-4ubuntu2~24.04.1) ...
image	UNKNOWN STEP	2026-09-14T19:59:38.2444197Z #8 14.31 Setting up cpp-13-x86-64-linux-gnu (13.3.0-6ubuntu2~24.04.1) ...
image	UNKNOWN STEP	2026-09-14T19:59:38.2444826Z #8 14.31 Setting up libgcc-13-dev:amd64 (13.3.0-6ubuntu2~24.04.1) ...
image	UNKNOWN STEP	2026-09-14T19:59:38.2445231Z #8 14.31 Setting up libc6-dev:amd64 (2.39-0ubuntu8.9) ...
image	UNKNOWN STEP	2026-09-14T19:59:38.2445623Z #8 14.32 Setting up libstdc++-13-dev:amd64 (13.3.0-6ubuntu2~24.04.1) ...
image	UNKNOWN STEP	2026-09-14T19:59:38.2446029Z #8 14.32 Setting up cpp-x86-64-linux-gnu (4:13.2.0-7ubuntu1) ...
image	UNKNOWN STEP	2026-09-14T19:59:38.2446390Z #8 14.32 Setting up cpp-13 (13.3.0-6ubuntu2~24.04.1) ...
image	UNKNOWN STEP	2026-09-14T19:59:38.2446763Z #8 14.32 Setting up gcc-13-x86-64-linux-gnu (13.3.0-6ubuntu2~24.04.1) ...
image	UNKNOWN STEP	2026-09-14T19:59:38.2447202Z #8 14.32 Setting up gcc-13 (13.3.0-6ubuntu2~24.04.1) ...
image	UNKNOWN STEP	2026-09-14T19:59:38.2447785Z #8 14.33 Setting up cpp (4:13.2.0-7ubuntu1) ...
image	UNKNOWN STEP	2026-09-14T19:59:38.2448468Z #8 14.34 Setting up g++-13-x86-64-linux-gnu (13.3.0-6ubuntu2~24.04.1) ...
image	UNKNOWN STEP	2026-09-14T19:59:38.2449507Z #8 14.34 Setting up gcc-x86-64-linux-gnu (4:13.2.0-7ubuntu1) ...
image	UNKNOWN STEP	2026-09-14T19:59:38.2449873Z #8 14.35 Setting up gcc (4:13.2.0-7ubuntu1) ...
image	UNKNOWN STEP	2026-09-14T19:59:38.2450214Z #8 14.35 Setting up g++-x86-64-linux-gnu (4:13.2.0-7ubuntu1) ...
image	UNKNOWN STEP	2026-09-14T19:59:38.4060101Z #8 14.36 Setting up g++-13 (13.3.0-6ubuntu2~24.04.1) ...
image	UNKNOWN STEP	2026-09-14T19:59:38.4060917Z #8 14.36 Setting up g++ (4:13.2.0-7ubuntu1) ...
image	UNKNOWN STEP	2026-09-14T19:59:38.4061616Z #8 14.36 update-alternatives: using /usr/bin/g++ to provide /usr/bin/c++ (c++) in auto mode
image	UNKNOWN STEP	2026-09-14T19:59:38.4062877Z #8 14.36 update-alternatives: warning: skip creation of /usr/share/man/man1/c++.1.gz because associated file /usr/share/man/man1/g++.1.gz (of link group c++) doesn't exist
image	UNKNOWN STEP	2026-09-14T19:59:38.4063991Z #8 14.37 Processing triggers for libc-bin (2.39-0ubuntu8.9) ...
image	UNKNOWN STEP	2026-09-14T19:59:38.6026095Z #8 DONE 14.7s
image	UNKNOWN STEP	2026-09-14T19:59:38.7640248Z 
image	UNKNOWN STEP	2026-09-14T19:59:38.7640923Z #9 [build 3/5] WORKDIR /app
image	UNKNOWN STEP	2026-09-14T19:59:38.7641676Z #9 DONE 0.0s
image	UNKNOWN STEP	2026-09-14T19:59:38.7642125Z 
image	UNKNOWN STEP	2026-09-14T19:59:38.7642459Z #10 [build 4/5] COPY . .
image	UNKNOWN STEP	2026-09-14T19:59:38.7643088Z #10 DONE 0.1s
image	UNKNOWN STEP	2026-09-14T19:59:38.9170796Z 
image	UNKNOWN STEP	2026-09-14T19:59:38.9171980Z #11 [build 5/5] RUN gradle :server:linkReleaseExecutableNative --no-daemon --stacktrace
image	UNKNOWN STEP	2026-09-14T19:59:39.5942142Z #11 0.828 To honour the JVM settings for this build a single-use Daemon process will be forked. For more on this, please refer to https://docs.gradle.org/9.7.1/userguide/gradle_daemon.html#sec:disabling_the_daemon in the Gradle documentation.
image	UNKNOWN STEP	2026-09-14T19:59:40.6961745Z #11 1.928 Daemon will be stopped at the end of the build 
image	UNKNOWN STEP	2026-09-14T19:59:42.5440992Z #11 3.627 Calculating task graph as no cached configuration is available for tasks: :server:linkReleaseExecutableNative
image	UNKNOWN STEP	2026-09-14T20:00:00.1442132Z #11 21.23 Type-safe project accessors is an incubating feature.
image	UNKNOWN STEP	2026-09-14T20:00:39.3933275Z #11 60.63 
image	UNKNOWN STEP	2026-09-14T20:00:39.5464638Z #11 60.63 > Configure project :client
image	UNKNOWN STEP	2026-09-14T20:00:39.5466426Z #11 60.63 w: file:///app/client/build.gradle.kts:33:5: 'fun macosX64(): KotlinNativeTargetWithHostTests' is deprecated. Target will be removed in a future release. See: https://kotl.in/native-targets-tiers.
image	UNKNOWN STEP	2026-09-14T20:00:40.2931909Z #11 61.53 WARNING: The 'commonTest' source directory exists, but android host tests are not enabled. To enable android host tests, add `withHostTest {}` to your android target configuration in the Gradle build file.
image	UNKNOWN STEP	2026-09-14T20:00:40.2934256Z #11 61.53 Add android.sync.suppressAgpWarnings=GENERIC to the gradle.properties file to suppress this warning.
image	UNKNOWN STEP	2026-09-14T20:00:41.6931225Z #11 62.93 
image	UNKNOWN STEP	2026-09-14T20:00:41.8439144Z #11 62.93 > Configure project :core
image	UNKNOWN STEP	2026-09-14T20:00:41.8441293Z #11 62.93 w: file:///app/core/build.gradle.kts:46:57: 'fun macosX64(name: String): KotlinNativeTargetWithHostTests' is deprecated. Target will be removed in a future release. See: https://kotl.in/native-targets-tiers.
image	UNKNOWN STEP	2026-09-14T20:00:43.6926282Z #11 64.93 
image	UNKNOWN STEP	2026-09-14T20:00:43.8434717Z #11 64.93 > Configure project :server
image	UNKNOWN STEP	2026-09-14T20:00:43.8436361Z #11 64.93 w: file:///app/server/build.gradle.kts:53:57: 'fun macosX64(name: String): KotlinNativeTargetWithHostTests' is deprecated. Target will be removed in a future release. See: https://kotl.in/native-targets-tiers.
image	UNKNOWN STEP	2026-09-14T20:00:44.9927077Z #11 66.23 
image	UNKNOWN STEP	2026-09-14T20:00:44.9928426Z #11 66.23 > Configure project :shared
image	UNKNOWN STEP	2026-09-14T20:00:45.1441926Z #11 66.23 w: file:///app/shared/build.gradle.kts:21:5: 'fun macosX64(): KotlinNativeTargetWithHostTests' is deprecated. Target will be removed in a future release. See: https://kotl.in/native-targets-tiers.
image	UNKNOWN STEP	2026-09-14T20:00:48.9930259Z #11 70.23 
image	UNKNOWN STEP	2026-09-14T20:00:49.1547632Z #11 70.23 > Configure project :dev:android-gradle-plugin
image	UNKNOWN STEP	2026-09-14T20:00:49.1548773Z #11 70.23 WARNING: Unsupported Kotlin plugin version.
image	UNKNOWN STEP	2026-09-14T20:00:49.1550651Z #11 70.23 The `embedded-kotlin` and `kotlin-dsl` plugins rely on features of Kotlin `2.4.0` that might work differently than in the requested version `2.4.10`.
image	UNKNOWN STEP	2026-09-14T20:00:49.1552882Z #11 70.23 Using the `kotlin-dsl` plugin together with a different Kotlin version (for example, by using the Kotlin Gradle plugin (`kotlin(jvm)`)) in the same project is not recommended.
image	UNKNOWN STEP	2026-09-14T20:00:49.1554386Z #11 70.23 
image	UNKNOWN STEP	2026-09-14T20:00:49.1555817Z #11 70.23 See https://docs.gradle.org/9.7.1/userguide/kotlin_dsl.html#sec:kotlin-dsl_plugin for more details on how the `kotlin-dsl` plugin works (same applies to `embedded-kotlin`).
image	UNKNOWN STEP	2026-09-14T20:00:49.1557997Z #11 70.23 It applies a certain version of the `org.jetbrains.kotlin.jvm` plugin and also add a dependency on the Kotlin Standard Library.
image	UNKNOWN STEP	2026-09-14T20:00:49.1559473Z #11 70.24 
image	UNKNOWN STEP	2026-09-14T20:00:49.1560945Z #11 70.24 Applying other version of the `org.jetbrains.kotlin.jvm` plugin in the build and/or adding dependencies to different versions of the Kotlin Standard Library can cause incompatibilities.
image	UNKNOWN STEP	2026-09-14T20:00:49.1562785Z #11 70.24 See https://docs.gradle.org/9.7.1/userguide/kotlin_dsl.html#sec:kotlin
image	UNKNOWN STEP	2026-09-14T20:00:56.2929914Z #11 77.53 
image	UNKNOWN STEP	2026-09-14T20:00:56.2931149Z #11 77.53 > Configure project :dev:client-android
image	UNKNOWN STEP	2026-09-14T20:00:56.2932313Z #11 77.53 w: ⚠️ Unused Kotlin Source Sets
image	UNKNOWN STEP	2026-09-14T20:00:56.4490054Z #11 77.53 The Kotlin source set commonTest was configured but not added to any Kotlin compilation.
image	UNKNOWN STEP	2026-09-14T20:00:56.4492967Z #11 77.53 Solution: You can add a source set to a target's compilation by connecting it with the compilation's default source set using 'dependsOn'.
image	UNKNOWN STEP	2026-09-14T20:00:56.4494594Z #11 77.53 See https://kotl.in/connecting-source-sets
image	UNKNOWN STEP	2026-09-14T20:00:56.4495341Z #11 77.53 
image	UNKNOWN STEP	2026-09-14T20:00:56.7926833Z #11 78.03 
image	UNKNOWN STEP	2026-09-14T20:00:56.9447557Z #11 78.03 > Configure project :dev:retrace
image	UNKNOWN STEP	2026-09-14T20:00:56.9450498Z #11 78.03 w: file:///app/dev/retrace/build.gradle.kts:20:57: 'fun macosX64(name: String): KotlinNativeTargetWithHostTests' is deprecated. Target will be removed in a future release. See: https://kotl.in/native-targets-tiers.
image	UNKNOWN STEP	2026-09-14T20:00:59.5927605Z #11 80.83 
image	UNKNOWN STEP	2026-09-14T20:00:59.7451868Z #11 80.83 > Configure project :dev:sample-kotlin-native
image	UNKNOWN STEP	2026-09-14T20:00:59.7453817Z #11 80.83 w: file:///app/dev/sample-kotlin-native/build.gradle.kts:18:57: 'fun macosX64(name: String): KotlinNativeTargetWithHostTests' is deprecated. Target will be removed in a future release. See: https://kotl.in/native-targets-tiers.
image	UNKNOWN STEP	2026-09-14T20:01:40.1935708Z #11 121.4 
image	UNKNOWN STEP	2026-09-14T20:01:40.1936655Z #11 121.4 > Task :shared:kmpPartiallyResolvedDependenciesChecker
image	UNKNOWN STEP	2026-09-14T20:01:40.1937324Z #11 121.4 > Task :core:kmpPartiallyResolvedDependenciesChecker
image	UNKNOWN STEP	2026-09-14T20:01:40.1938099Z #11 121.4 > Task :core:checkKotlinGradlePluginConfigurationErrors SKIPPED
image	UNKNOWN STEP	2026-09-14T20:01:40.2936525Z #11 121.4 > Task :shared:checkKotlinGradlePluginConfigurationErrors SKIPPED
image	UNKNOWN STEP	2026-09-14T20:01:40.2940722Z #11 121.4 > Task :dev:retrace:kmpPartiallyResolvedDependenciesChecker
image	UNKNOWN STEP	2026-09-14T20:01:40.2941931Z #11 121.4 > Task :dev:retrace:checkKotlinGradlePluginConfigurationErrors SKIPPED
image	UNKNOWN STEP	2026-09-14T20:01:40.2943066Z #11 121.5 > Task :shared:exportCrossCompilationMetadataForLinuxX64ApiElements
image	UNKNOWN STEP	2026-09-14T20:01:40.2944169Z #11 121.5 > Task :dev:retrace:exportCrossCompilationMetadataForNativeApiElements
image	UNKNOWN STEP	2026-09-14T20:01:40.2945209Z #11 121.5 > Task :server:kmpPartiallyResolvedDependenciesChecker
image	UNKNOWN STEP	2026-09-14T20:01:40.2946456Z #11 121.5 > Task :server:checkKotlinGradlePluginConfigurationErrors SKIPPED
image	UNKNOWN STEP	2026-09-14T20:01:40.4450022Z #11 121.5 > Task :core:exportCrossCompilationMetadataForNativeApiElements
image	UNKNOWN STEP	2026-09-14T20:01:42.1925013Z #11 123.4 
image	UNKNOWN STEP	2026-09-14T20:01:42.3430940Z #11 123.4 > Task :core:downloadKotlinNativeDistribution
image	UNKNOWN STEP	2026-09-14T20:01:42.3433081Z #11 123.4 Kotlin/Native bundle directory /root/.konan/kotlin-native-prebuilt-linux-x86_64-2.4.10 is not empty. Native bundle files will be overwritten.
image	UNKNOWN STEP	2026-09-14T20:01:45.2452014Z #11 126.3 Downloading native dependencies (LLVM, sysroot etc). This is a one-time action performed only on the first run of the compiler.
image	UNKNOWN STEP	2026-09-14T20:01:45.2456260Z #11 126.3 Downloading dependency https://download.jetbrains.com/kotlin/native/x86_64-unknown-linux-gnu-gcc-8.3.0-glibc-2.19-kernel-4.9-2.tar.gz to /root/.konan/dependencies/cache/x86_64-unknown-linux-gnu-gcc-8.3.0-glibc-2.19-kernel-4.9-2.tar.gz
image	UNKNOWN STEP	2026-09-14T20:01:45.4926813Z #11 126.7 Done.
image	UNKNOWN STEP	2026-09-14T20:01:45.4928228Z #11 126.7 Extracting dependency: /root/.konan/dependencies/cache/x86_64-unknown-linux-gnu-gcc-8.3.0-glibc-2.19-kernel-4.9-2.tar.gz into /root/.konan/dependencies
image	UNKNOWN STEP	2026-09-14T20:01:47.6926713Z #11 128.9 Downloading dependency https://download.jetbrains.com/kotlin/native/lldb-4-linux.tar.gz to /root/.konan/dependencies/cache/lldb-4-linux.tar.gz
image	UNKNOWN STEP	2026-09-14T20:01:47.8926506Z #11 129.1 Done.
image	UNKNOWN STEP	2026-09-14T20:01:48.0439840Z #11 129.1 Extracting dependency: /root/.konan/dependencies/cache/lldb-4-linux.tar.gz into /root/.konan/dependencies
image	UNKNOWN STEP	2026-09-14T20:01:48.6929942Z #11 129.9 Downloading dependency https://download.jetbrains.com/kotlin/native/resources/llvm/21-x86_64-linux/llvm-21-x86_64-linux-essentials-116.tar.gz to /root/.konan/dependencies/cache/llvm-21-x86_64-linux-essentials-116.tar.gz
image	UNKNOWN STEP	2026-09-14T20:01:49.1926308Z #11 130.4 Done.
image	UNKNOWN STEP	2026-09-14T20:01:49.3430908Z #11 130.4 Extracting dependency: /root/.konan/dependencies/cache/llvm-21-x86_64-linux-essentials-116.tar.gz into /root/.konan/dependencies
image	UNKNOWN STEP	2026-09-14T20:01:53.2445165Z #11 134.3 Downloading dependency https://download.jetbrains.com/kotlin/native/libffi-3.2.1-2-linux-x86-64.tar.gz to /root/.konan/dependencies/cache/libffi-3.2.1-2-linux-x86-64.tar.gz
image	UNKNOWN STEP	2026-09-14T20:01:53.2446282Z #11 134.3 Done.
image	UNKNOWN STEP	2026-09-14T20:01:53.2446993Z #11 134.3 Extracting dependency: /root/.konan/dependencies/cache/libffi-3.2.1-2-linux-x86-64.tar.gz into /root/.konan/dependencies
image	UNKNOWN STEP	2026-09-14T20:01:55.2945139Z #11 136.5 
image	UNKNOWN STEP	2026-09-14T20:01:55.4516117Z #11 136.5 > Task :dev:retrace:downloadKotlinNativeDistribution
image	UNKNOWN STEP	2026-09-14T20:01:55.4518119Z #11 136.5 > Task :server:downloadKotlinNativeDistribution
image	UNKNOWN STEP	2026-09-14T20:01:55.4520274Z #11 136.5 
image	UNKNOWN STEP	2026-09-14T20:01:55.4521000Z #11 136.5 > Task :shared:downloadKotlinNativeDistribution
image	UNKNOWN STEP	2026-09-14T20:01:55.4522181Z #11 136.5 Downloading native dependencies (LLVM, sysroot etc). This is a one-time action performed only on the first run of the compiler.
image	UNKNOWN STEP	2026-09-14T20:01:55.4524607Z #11 136.5 Downloading dependency https://download.jetbrains.com/kotlin/native/aarch64-unknown-linux-gnu-gcc-8.3.0-glibc-2.25-kernel-4.9-2.tar.gz to /root/.konan/dependencies/cache/aarch64-unknown-linux-gnu-gcc-8.3.0-glibc-2.25-kernel-4.9-2.tar.gz
image	UNKNOWN STEP	2026-09-14T20:01:55.4526886Z #11 136.5 Done.
image	UNKNOWN STEP	2026-09-14T20:01:55.4528042Z #11 136.5 Extracting dependency: /root/.konan/dependencies/cache/aarch64-unknown-linux-gnu-gcc-8.3.0-glibc-2.25-kernel-4.9-2.tar.gz into /root/.konan/dependencies
image	UNKNOWN STEP	2026-09-14T20:01:55.4530603Z #11 136.5 Downloading dependency https://download.jetbrains.com/kotlin/native/qemu-aarch64-static-5.1.0-linux-2.tar.gz to /root/.konan/dependencies/cache/qemu-aarch64-static-5.1.0-linux-2.tar.gz
image	UNKNOWN STEP	2026-09-14T20:01:55.4539581Z #11 136.5 Done.
image	UNKNOWN STEP	2026-09-14T20:01:55.4540655Z #11 136.5 Extracting dependency: /root/.konan/dependencies/cache/qemu-aarch64-static-5.1.0-linux-2.tar.gz into /root/.konan/dependencies
image	UNKNOWN STEP	2026-09-14T20:01:55.4542289Z #11 136.5 Downloading native dependencies (LLVM, sysroot etc). This is a one-time action performed only on the first run of the compiler.
image	UNKNOWN STEP	2026-09-14T20:01:55.4544389Z #11 136.5 Downloading dependency https://download.jetbrains.com/kotlin/native/msys2-mingw-w64-x86_64-2.tar.gz to /root/.konan/dependencies/cache/msys2-mingw-w64-x86_64-2.tar.gz
image	UNKNOWN STEP	2026-09-14T20:01:55.4930225Z #11 136.7 
image	UNKNOWN STEP	2026-09-14T20:01:55.6439167Z #11 136.7 > Task :server:generateKoreBuildIdentity
image	UNKNOWN STEP	2026-09-14T20:01:56.3939684Z #11 137.6 > Task :shared:transformCommonMainDependenciesMetadata
image	UNKNOWN STEP	2026-09-14T20:01:57.3927156Z #11 138.6 
image	UNKNOWN STEP	2026-09-14T20:01:57.5484744Z #11 138.6 > Task :shared:downloadKotlinNativeDistribution
image	UNKNOWN STEP	2026-09-14T20:01:57.5488145Z #11 138.6 Done.
image	UNKNOWN STEP	2026-09-14T20:01:57.5489694Z #11 138.6 Extracting dependency: /root/.konan/dependencies/cache/msys2-mingw-w64-x86_64-2.tar.gz into /root/.konan/dependencies
image	UNKNOWN STEP	2026-09-14T20:02:05.6926589Z #11 146.9 
image	UNKNOWN STEP	2026-09-14T20:02:05.8444886Z #11 146.9 > Task :shared:compileCommonMainKotlinMetadata
image	UNKNOWN STEP	2026-09-14T20:02:05.8446666Z #11 146.9 > Task :shared:metadataCommonMainProcessResources NO-SOURCE
image	UNKNOWN STEP	2026-09-14T20:02:05.8447787Z #11 146.9 > Task :shared:metadataCommonMainClasses
image	UNKNOWN STEP	2026-09-14T20:02:05.9926601Z #11 147.2 > Task :shared:transformNativeMainDependenciesMetadata
image	UNKNOWN STEP	2026-09-14T20:02:06.0927568Z #11 147.2 > Task :shared:metadataNativeMainProcessResources NO-SOURCE
image	UNKNOWN STEP	2026-09-14T20:02:06.1949450Z #11 147.3 > Task :shared:transformLinuxMainDependenciesMetadata
image	UNKNOWN STEP	2026-09-14T20:02:06.1950948Z #11 147.3 > Task :shared:generateProjectStructureMetadata
image	UNKNOWN STEP	2026-09-14T20:02:06.1952019Z #11 147.3 > Task :shared:metadataLinuxMainProcessResources NO-SOURCE
image	UNKNOWN STEP	2026-09-14T20:02:06.1953197Z #11 147.4 > Task :shared:transformAppleMainDependenciesMetadata
image	UNKNOWN STEP	2026-09-14T20:02:06.1954213Z #11 147.4 > Task :shared:metadataAppleMainProcessResources NO-SOURCE
image	UNKNOWN STEP	2026-09-14T20:02:06.2951164Z #11 147.5 > Task :shared:transformIosMainDependenciesMetadata
image	UNKNOWN STEP	2026-09-14T20:02:06.5443038Z #11 147.5 > Task :shared:transformMacosMainDependenciesMetadata
image	UNKNOWN STEP	2026-09-14T20:02:06.5444687Z #11 147.5 > Task :shared:metadataIosMainProcessResources NO-SOURCE
image	UNKNOWN STEP	2026-09-14T20:02:06.5445635Z #11 147.6 > Task :shared:metadataMacosMainProcessResources NO-SOURCE
image	UNKNOWN STEP	2026-09-14T20:02:06.5925914Z #11 147.8 > Task :dev:retrace:transformCommonMainDependenciesMetadata
image	UNKNOWN STEP	2026-09-14T20:02:09.1948501Z #11 150.3 > Task :dev:retrace:compileCommonMainKotlinMetadata
image	UNKNOWN STEP	2026-09-14T20:02:09.1950359Z #11 150.3 > Task :dev:retrace:generateProjectStructureMetadata
image	UNKNOWN STEP	2026-09-14T20:02:09.1951336Z #11 150.3 > Task :dev:retrace:metadataCommonMainProcessResources NO-SOURCE
image	UNKNOWN STEP	2026-09-14T20:02:09.1952071Z #11 150.3 > Task :dev:retrace:metadataCommonMainClasses
image	UNKNOWN STEP	2026-09-14T20:02:09.3540536Z #11 150.4 > Task :dev:retrace:allMetadataJar
image	UNKNOWN STEP	2026-09-14T20:02:09.3542676Z #11 150.4 > Task :dev:retrace:exportCommonSourceSetsMetadataLocationsForMetadataApiElements
image	UNKNOWN STEP	2026-09-14T20:02:09.3544048Z #11 150.4 > Task :shared:exportRootPublicationCoordinatesForMetadataApiElements
image	UNKNOWN STEP	2026-09-14T20:02:09.3545344Z #11 150.4 > Task :dev:retrace:exportRootPublicationCoordinatesForMetadataApiElements
image	UNKNOWN STEP	2026-09-14T20:02:09.3546340Z #11 150.4 > Task :core:generateProjectStructureMetadata
image	UNKNOWN STEP	2026-09-14T20:02:09.3547365Z #11 150.4 > Task :core:metadataCommonMainProcessResources NO-SOURCE
image	UNKNOWN STEP	2026-09-14T20:02:11.6430811Z #11 152.7 > Task :dev:retrace:compileKotlinNative
image	UNKNOWN STEP	2026-09-14T20:02:25.4925396Z #11 166.7 > Task :shared:commonizeNativeDistribution
image	UNKNOWN STEP	2026-09-14T20:02:30.5925917Z #11 171.8 > Task :shared:compileKotlinLinuxX64
image	UNKNOWN STEP	2026-09-14T20:02:41.3930022Z #11 182.6 > Task :shared:compileNativeMainKotlinMetadata NO-SOURCE
image	UNKNOWN STEP	2026-09-14T20:02:41.4945324Z #11 182.6 > Task :shared:metadataNativeMainClasses UP-TO-DATE
image	UNKNOWN STEP	2026-09-14T20:02:41.4947401Z #11 182.6 > Task :shared:compileLinuxMainKotlinMetadata NO-SOURCE
image	UNKNOWN STEP	2026-09-14T20:02:41.4948411Z #11 182.6 > Task :shared:metadataLinuxMainClasses UP-TO-DATE
image	UNKNOWN STEP	2026-09-14T20:02:41.4949692Z #11 182.6 > Task :shared:compileAppleMainKotlinMetadata NO-SOURCE
image	UNKNOWN STEP	2026-09-14T20:02:41.4950636Z #11 182.6 > Task :shared:metadataAppleMainClasses UP-TO-DATE
image	UNKNOWN STEP	2026-09-14T20:02:41.4951685Z #11 182.6 > Task :shared:compileMacosMainKotlinMetadata NO-SOURCE
image	UNKNOWN STEP	2026-09-14T20:02:41.4952711Z #11 182.6 > Task :shared:metadataMacosMainClasses UP-TO-DATE
image	UNKNOWN STEP	2026-09-14T20:02:41.4953799Z #11 182.6 > Task :shared:compileIosMainKotlinMetadata NO-SOURCE
image	UNKNOWN STEP	2026-09-14T20:02:41.4954547Z #11 182.6 > Task :shared:metadataIosMainClasses UP-TO-DATE
image	UNKNOWN STEP	2026-09-14T20:02:41.4955464Z #11 182.7 > Task :shared:exportCommonSourceSetsMetadataLocationsForMetadataApiElements
image	UNKNOWN STEP	2026-09-14T20:02:41.6470610Z #11 182.7 > Task :shared:linuxX64MetadataElements
image	UNKNOWN STEP	2026-09-14T20:02:41.6471933Z #11 182.7 > Task :shared:allMetadataJar
image	UNKNOWN STEP	2026-09-14T20:02:42.5436794Z #11 183.6 > Task :core:transformCommonMainDependenciesMetadata
image	UNKNOWN STEP	2026-09-14T20:02:52.9441474Z #11 194.0 > Task :core:compileCommonMainKotlinMetadata
image	UNKNOWN STEP	2026-09-14T20:02:52.9442645Z #11 194.0 > Task :core:metadataCommonMainClasses
image	UNKNOWN STEP	2026-09-14T20:02:52.9443817Z #11 194.0 > Task :core:exportCommonSourceSetsMetadataLocationsForMetadataApiElements
image	UNKNOWN STEP	2026-09-14T20:02:52.9444626Z #11 194.0 > Task :core:allMetadataJar
image	UNKNOWN STEP	2026-09-14T20:02:53.7434598Z #11 194.8 > Task :server:transformCommonMainDependenciesMetadata
image	UNKNOWN STEP	2026-09-14T20:02:55.7438667Z #11 196.8 > Task :core:compileKotlinNative
image	UNKNOWN STEP	2026-09-14T20:03:00.2924387Z #11 201.5 > Task :server:kspCommonMainKotlinMetadata
image	UNKNOWN STEP	2026-09-14T20:03:00.3926100Z #11 201.6 > Task :server:kspKotlinNative
image	UNKNOWN STEP	2026-09-14T20:03:04.2926937Z #11 205.5 > Task :server:compileKotlinNative
image	UNKNOWN STEP	2026-09-14T20:03:34.2924754Z #11 235.5 > Task :server:linkReleaseExecutableNative
image	UNKNOWN STEP	2026-09-14T20:05:41.1838063Z #11 362.4 
image	UNKNOWN STEP	2026-09-14T20:05:41.1839637Z #11 362.4 [Incubating] Problems report is available at: file:///app/build/reports/problems/problems-report.html
image	UNKNOWN STEP	2026-09-14T20:05:41.1841031Z #11 362.4 
image	UNKNOWN STEP	2026-09-14T20:05:41.1841664Z #11 362.4 BUILD SUCCESSFUL in 6m 2s
image	UNKNOWN STEP	2026-09-14T20:05:41.1842177Z #11 362.4 44 actionable tasks: 44 executed
image	UNKNOWN STEP	2026-09-14T20:05:41.1842689Z #11 362.4 Configuration cache entry stored.
image	UNKNOWN STEP	2026-09-14T20:05:41.8019953Z #11 DONE 363.0s
image	UNKNOWN STEP	2026-09-14T20:05:41.9437130Z 
image	UNKNOWN STEP	2026-09-14T20:05:41.9437804Z #12 [stage-1 2/7] COPY --from=build /etc/ld.so.cache /etc/ld.so.cache
image	UNKNOWN STEP	2026-09-14T20:05:42.0445750Z #12 DONE 0.0s
image	UNKNOWN STEP	2026-09-14T20:05:42.0446277Z 
image	UNKNOWN STEP	2026-09-14T20:05:42.0447134Z #13 [stage-1 3/7] COPY --from=build /lib/x86_64-linux-gnu/ld-linux-x86-64.so.2 /lib/x86_64-linux-gnu/ld-linux-x86-64.so.2
image	UNKNOWN STEP	2026-09-14T20:05:42.0448159Z #13 DONE 0.0s
image	UNKNOWN STEP	2026-09-14T20:05:42.0448315Z 
image	UNKNOWN STEP	2026-09-14T20:05:42.0448756Z #14 [stage-1 4/7] COPY --from=build /lib/x86_64-linux-gnu/libc.so.6 /lib/x86_64-linux-gnu/libc.so.6
image	UNKNOWN STEP	2026-09-14T20:05:42.0449817Z #14 DONE 0.0s
image	UNKNOWN STEP	2026-09-14T20:05:42.0449969Z 
image	UNKNOWN STEP	2026-09-14T20:05:42.0450444Z #15 [stage-1 5/7] COPY --from=build /usr/lib/x86_64-linux-gnu/gconv /usr/lib/x86_64-linux-gnu/gconv
image	UNKNOWN STEP	2026-09-14T20:05:42.0451180Z #15 DONE 0.1s
image	UNKNOWN STEP	2026-09-14T20:05:42.0451321Z 
image	UNKNOWN STEP	2026-09-14T20:05:42.0451528Z #16 [stage-1 6/7] COPY --from=build /usr/share/zoneinfo /usr/share/zoneinfo
image	UNKNOWN STEP	2026-09-14T20:05:42.2831218Z #16 DONE 0.1s
image	UNKNOWN STEP	2026-09-14T20:05:42.2831460Z 
image	UNKNOWN STEP	2026-09-14T20:05:42.2831972Z #17 [stage-1 7/7] COPY --from=build /app/server/build/bin/native/releaseExecutable/server.kexe /app/server
image	UNKNOWN STEP	2026-09-14T20:05:42.2832722Z #17 DONE 0.0s
image	UNKNOWN STEP	2026-09-14T20:05:42.2832892Z 
image	UNKNOWN STEP	2026-09-14T20:05:42.2833054Z #18 exporting to image
image	UNKNOWN STEP	2026-09-14T20:05:42.2833380Z #18 exporting layers
image	UNKNOWN STEP	2026-09-14T20:05:43.0182659Z #18 exporting layers 0.9s done
image	UNKNOWN STEP	2026-09-14T20:05:43.0373535Z #18 writing image sha256:71beed653c073221d4219566f9b1822616cc66037672f2ee05f7ac1db88c9a30 done
image	UNKNOWN STEP	2026-09-14T20:05:43.0374649Z #18 naming to docker.io/library/katcher:ci done
image	UNKNOWN STEP	2026-09-14T20:05:43.0375244Z #18 DONE 0.9s
image	UNKNOWN STEP	2026-09-14T20:05:43.0384463Z 
image	UNKNOWN STEP	2026-09-14T20:05:43.0390034Z  ^[[33m1 warning found (use docker --debug to expand):
image	UNKNOWN STEP	2026-09-14T20:05:43.0391260Z ^[[0m - FromPlatformFlagConstDisallowed: FROM --platform flag should not use constant value "linux/amd64" (line 2)
image	UNKNOWN STEP	2026-09-14T20:05:43.0476602Z ##[group]Run docker run --detach --name katcher-ci --publish 8080:8080 katcher:ci
image	UNKNOWN STEP	2026-09-14T20:05:43.0477220Z ^[[36;1mdocker run --detach --name katcher-ci --publish 8080:8080 katcher:ci^[[0m
image	UNKNOWN STEP	2026-09-14T20:05:43.0477765Z ^[[36;1m./dev/image-smoke.sh http://localhost:8080^[[0m
image	UNKNOWN STEP	2026-09-14T20:05:43.0532816Z shell: /usr/bin/bash -e {0}
image	UNKNOWN STEP	2026-09-14T20:05:43.0533078Z ##[endgroup]
image	UNKNOWN STEP	2026-09-14T20:05:43.0897114Z 9b73312430b3d1f4755a4de566096bbcef765c5950a437f96c156bde2793637f
image	UNKNOWN STEP	2026-09-14T20:05:43.2869529Z smoke: waiting for http://localhost:8080
image	UNKNOWN STEP	2026-09-14T20:05:43.3830475Z smoke: rendered 2026-09-14 20:05
image	UNKNOWN STEP	2026-09-14T20:05:43.3864892Z ##[group]Run docker stop --timeout 40 katcher-ci
image	UNKNOWN STEP	2026-09-14T20:05:43.3865311Z ^[[36;1mdocker stop --timeout 40 katcher-ci^[[0m
image	UNKNOWN STEP	2026-09-14T20:05:43.3865624Z ^[[36;1mlog=$(docker logs katcher-ci 2>&1)^[[0m
image	UNKNOWN STEP	2026-09-14T20:05:43.3866025Z ^[[36;1mprintf '%s\n' "$log" | grep -E 'ANNOUNCE|DRAIN|RELEASE_POOLS|EXIT' || true^[[0m
image	UNKNOWN STEP	2026-09-14T20:05:43.3866544Z ^[[36;1mfor stage in SIGNAL ANNOUNCE DRAIN RELEASE_CONSUMERS RELEASE_POOLS EXIT; do^[[0m
image	UNKNOWN STEP	2026-09-14T20:05:43.3867029Z ^[[36;1m  if ! printf '%s\n' "$log" | grep -q "$stage COMPLETED"; then^[[0m
image	UNKNOWN STEP	2026-09-14T20:05:43.3867494Z ^[[36;1m    echo "the shutdown transcript has no completed $stage stage" >&2^[[0m
image	UNKNOWN STEP	2026-09-14T20:05:43.3867896Z ^[[36;1m    printf '%s\n' "$log" | tail -40 >&2^[[0m
image	UNKNOWN STEP	2026-09-14T20:05:43.3868183Z ^[[36;1m    exit 1^[[0m
image	UNKNOWN STEP	2026-09-14T20:05:43.3868380Z ^[[36;1m  fi^[[0m
image	UNKNOWN STEP	2026-09-14T20:05:43.3868562Z ^[[36;1mdone^[[0m
image	UNKNOWN STEP	2026-09-14T20:05:43.3905150Z shell: /usr/bin/bash -e {0}
image	UNKNOWN STEP	2026-09-14T20:05:43.3905401Z ##[endgroup]
image	UNKNOWN STEP	2026-09-14T20:05:45.5259398Z katcher-ci
image	UNKNOWN STEP	2026-09-14T20:05:45.5456484Z ANNOUNCE COMPLETED in 2.000203596s
image	UNKNOWN STEP	2026-09-14T20:05:45.5456838Z DRAIN COMPLETED in 679.753us
image	UNKNOWN STEP	2026-09-14T20:05:45.5457114Z RELEASE_POOLS COMPLETED in 1.484061ms
image	UNKNOWN STEP	2026-09-14T20:05:45.5457393Z EXIT COMPLETED in 801ns
image	UNKNOWN STEP	2026-09-14T20:05:45.5586409Z ##[group]Run docker image inspect katcher:ci --format '{{json .Config.Env}}' | grep -q 'MALLOC_ARENA_MAX=2' \
image	UNKNOWN STEP	2026-09-14T20:05:45.5587201Z ^[[36;1mdocker image inspect katcher:ci --format '{{json .Config.Env}}' | grep -q 'MALLOC_ARENA_MAX=2' \^[[0m
image	UNKNOWN STEP	2026-09-14T20:05:45.5587758Z ^[[36;1m  || { echo "the image lost MALLOC_ARENA_MAX=2" >&2; exit 1; }^[[0m
image	UNKNOWN STEP	2026-09-14T20:05:45.5624045Z shell: /usr/bin/bash -e {0}
image	UNKNOWN STEP	2026-09-14T20:05:45.5624294Z ##[endgroup]
image	UNKNOWN STEP	2026-09-14T20:05:45.5837749Z ##[group]Run docker image inspect katcher:ci --format 'unpacked on this runner {{.Size}} bytes (not pull bytes, see the workflow comment)'
image	UNKNOWN STEP	2026-09-14T20:05:45.5838711Z ^[[36;1mdocker image inspect katcher:ci --format 'unpacked on this runner {{.Size}} bytes (not pull bytes, see the workflow comment)'^[[0m
image	UNKNOWN STEP	2026-09-14T20:05:45.5873701Z shell: /usr/bin/bash -e {0}
image	UNKNOWN STEP	2026-09-14T20:05:45.5873946Z ##[endgroup]
image	UNKNOWN STEP	2026-09-14T20:05:45.6041826Z unpacked on this runner 27928956 bytes (not pull bytes, see the workflow comment)
image	UNKNOWN STEP	2026-09-14T20:05:45.6168401Z Post job cleanup.
image	UNKNOWN STEP	2026-09-14T20:05:45.7013136Z [command]/usr/bin/git version
image	UNKNOWN STEP	2026-09-14T20:05:45.7061667Z git version 2.55.0
image	UNKNOWN STEP	2026-09-14T20:05:45.7109021Z Temporarily overriding HOME='/home/runner/work/_temp/0aadd18e-d75e-4666-a20d-0029ffbc9dd3' before making global git config changes
image	UNKNOWN STEP	2026-09-14T20:05:45.7111168Z Adding repository directory to the temporary git global config as a safe directory
image	UNKNOWN STEP	2026-09-14T20:05:45.7115340Z [command]/usr/bin/git config --global --add safe.directory /home/runner/work/katcher/katcher
image	UNKNOWN STEP	2026-09-14T20:05:45.7150615Z Removing SSH command configuration
image	UNKNOWN STEP	2026-09-14T20:05:45.7158432Z [command]/usr/bin/git config --local --name-only --get-regexp core\.sshCommand
image	UNKNOWN STEP	2026-09-14T20:05:45.7197476Z [command]/usr/bin/git submodule foreach --recursive sh -c "git config --local --name-only --get-regexp 'core\.sshCommand' && git config --local --unset-all 'core.sshCommand' || :"
image	UNKNOWN STEP	2026-09-14T20:05:45.7442680Z Removing HTTP extra header
image	UNKNOWN STEP	2026-09-14T20:05:45.7448492Z [command]/usr/bin/git config --local --name-only --get-regexp http\.https\:\/\/github\.com\/\.extraheader
image	UNKNOWN STEP	2026-09-14T20:05:45.7484647Z [command]/usr/bin/git submodule foreach --recursive sh -c "git config --local --name-only --get-regexp 'http\.https\:\/\/github\.com\/\.extraheader' && git config --local --unset-all 'http.https://github.com/.extraheader' || :"
image	UNKNOWN STEP	2026-09-14T20:05:45.7756900Z Removing includeIf entries pointing to credentials config files
image	UNKNOWN STEP	2026-09-14T20:05:45.7766106Z [command]/usr/bin/git config --local --name-only --get-regexp ^includeIf\.gitdir:
image	UNKNOWN STEP	2026-09-14T20:05:45.7798726Z includeif.gitdir:/home/runner/work/katcher/katcher/.git.path
image	UNKNOWN STEP	2026-09-14T20:05:45.7800049Z includeif.gitdir:/home/runner/work/katcher/katcher/.git/worktrees/*.path
image	UNKNOWN STEP	2026-09-14T20:05:45.7801098Z includeif.gitdir:/github/workspace/.git.path
image	UNKNOWN STEP	2026-09-14T20:05:45.7801989Z includeif.gitdir:/github/workspace/.git/worktrees/*.path
image	UNKNOWN STEP	2026-09-14T20:05:45.7818405Z [command]/usr/bin/git config --local --get-all includeif.gitdir:/home/runner/work/katcher/katcher/.git.path
image	UNKNOWN STEP	2026-09-14T20:05:45.7837878Z /home/runner/work/_temp/git-credentials-14d396b2-9701-4b3c-94b5-84d3b0845dad.config
image	UNKNOWN STEP	2026-09-14T20:05:45.7850779Z [command]/usr/bin/git config --local --unset includeif.gitdir:/home/runner/work/katcher/katcher/.git.path \/home\/runner\/work\/_temp\/git\-credentials\-14d396b2\-9701\-4b3c\-94b5\-84d3b0845dad\.config
image	UNKNOWN STEP	2026-09-14T20:05:45.7899479Z [command]/usr/bin/git config --local --get-all includeif.gitdir:/home/runner/work/katcher/katcher/.git/worktrees/*.path
image	UNKNOWN STEP	2026-09-14T20:05:45.7929589Z /home/runner/work/_temp/git-credentials-14d396b2-9701-4b3c-94b5-84d3b0845dad.config
image	UNKNOWN STEP	2026-09-14T20:05:45.7939397Z [command]/usr/bin/git config --local --unset includeif.gitdir:/home/runner/work/katcher/katcher/.git/worktrees/*.path \/home\/runner\/work\/_temp\/git\-credentials\-14d396b2\-9701\-4b3c\-94b5\-84d3b0845dad\.config
image	UNKNOWN STEP	2026-09-14T20:05:45.7985952Z [command]/usr/bin/git config --local --get-all includeif.gitdir:/github/workspace/.git.path
image	UNKNOWN STEP	2026-09-14T20:05:45.8015541Z /github/runner_temp/git-credentials-14d396b2-9701-4b3c-94b5-84d3b0845dad.config
image	UNKNOWN STEP	2026-09-14T20:05:45.8023503Z [command]/usr/bin/git config --local --unset includeif.gitdir:/github/workspace/.git.path \/github\/runner_temp\/git\-credentials\-14d396b2\-9701\-4b3c\-94b5\-84d3b0845dad\.config
image	UNKNOWN STEP	2026-09-14T20:05:45.8060681Z [command]/usr/bin/git config --local --get-all includeif.gitdir:/github/workspace/.git/worktrees/*.path
image	UNKNOWN STEP	2026-09-14T20:05:45.8086765Z /github/runner_temp/git-credentials-14d396b2-9701-4b3c-94b5-84d3b0845dad.config
image	UNKNOWN STEP	2026-09-14T20:05:45.8095423Z [command]/usr/bin/git config --local --unset includeif.gitdir:/github/workspace/.git/worktrees/*.path \/github\/runner_temp\/git\-credentials\-14d396b2\-9701\-4b3c\-94b5\-84d3b0845dad\.config
image	UNKNOWN STEP	2026-09-14T20:05:45.8133096Z [command]/usr/bin/git submodule foreach --recursive git config --local --show-origin --name-only --get-regexp remote.origin.url
image	UNKNOWN STEP	2026-09-14T20:05:45.8355187Z Removing credentials config '/home/runner/work/_temp/git-credentials-14d396b2-9701-4b3c-94b5-84d3b0845dad.config'
image	UNKNOWN STEP	2026-09-14T20:05:45.8500623Z Cleaning up orphan processes
